<html>
<body>
<pre>
<h1>µVision Build Log</h1>
<h2>Tool Versions:</h2>
IDE-Version: •ÏVision V5.21.1.0
Copyright (C) 2016 ARM Ltd and ARM Germany GmbH. All rights reserved.
License Information: abc abc, abc, LIC=2TTCX-HN38S-LTB3E-57643-7FG8J-LFI6X
 
Tool Versions:
Toolchain:       MDK-ARM Professional  Version: 5.21a
Toolchain Path:  C:\Keil_v5\ARM\ARMCC\Bin
C Compiler:      Armcc.exe V5.06 update 3 (build 300)
Assembler:       Armasm.exe V5.06 update 3 (build 300)
Linker/Locator:  ArmLink.exe V5.06 update 3 (build 300)
Library Manager: ArmAr.exe V5.06 update 3 (build 300)
Hex Converter:   FromElf.exe V5.06 update 3 (build 300)
CPU DLL:         
Dialog DLL:      
Target DLL:      Segger\JL2CM3.dll V2.99.23.0
Dialog DLL:      TCM.DLL V1.14.14.0
 
<h2>Project:</h2>
D:\Project\Nordic\Ble_to_Ethernet\FW\TFTP_Bootloader\nRF5_TFTP_SDK_12.2.0\examples\dfu\bootloader_tftp\wizble510\arm5_no_packs\tftp_dfu_s132_wizble510.uvprojx
Project File Date:  03/21/2017

<h2>Output:</h2>
*** Using Compiler 'V5.06 update 3 (build 300)', folder: 'C:\Keil_v5\ARM\ARMCC\Bin'
Rebuild target 'nrf52832_xxaa_s132'
compiling nrf_bootloader_app_start.c...
compiling nrf_bootloader.c...
compiling boards.c...
compiling ble_conn_params.c...
compiling ble_srv_common.c...
compiling ble_advdata.c...
compiling main.c...
compiling nrf_bootloader_info.c...
compiling nrf_dfu_transport.c...
compiling nrf_dfu_mbr.c...
compiling nrf_dfu_tftp_settings.c...
compiling nrf_dfu_flash.c...
compiling nrf_dfu_tftp.c...
compiling nrf_dfu_tftp_utils.c...
compiling nrf_drv_rng.c...
compiling nrf_nvmc.c...
compiling nrf_drv_common.c...
compiling nrf_drv_spi.c...
compiling nrf_drv_uart.c...
compiling nrf_drv_clock.c...
compiling nrf_drv_gpiote.c...
compiling app_error_weak.c...
compiling app_error.c...
compiling hci_mem_pool.c...
compiling app_scheduler.c...
compiling app_util_platform.c...
compiling fstorage.c...
compiling sdk_errors.c...
compiling app_timer.c...
compiling nrf_assert.c...
compiling app_timer_appsh.c...
compiling sha256.c...
compiling RTT_Syscalls_KEIL.c...
compiling nrf_log_frontend.c...
compiling nrf_queue.c...
compiling SEGGER_RTT_printf.c...
compiling crc32.c...
compiling nrf_log_backend_serial.c...
compiling w5500.c...
compiling pb_common.c...
compiling wizchip_conf.c...
compiling pb_decode.c...
compiling netutil.c...
assembling arm_startup_nrf52.s...
compiling socket.c...
compiling SEGGER_RTT.c...
compiling softdevice_handler_appsh.c...
compiling system_nrf52.c...
compiling user_ethernet.c...
compiling softdevice_handler.c...
compiling tftp.c...
..\..\..\..\..\external\wiznet\ioLibrary_Driver\Internet\TFTP\tftp.c(108): warning:  #177-D: function "get_local_port" was declared but never referenced
  static inline uint16_t get_local_port()
..\..\..\..\..\external\wiznet\ioLibrary_Driver\Internet\TFTP\tftp.c(113): warning:  #177-D: function "genernate_port" was declared but never referenced
  static inline uint16_t genernate_port()
..\..\..\..\..\external\wiznet\ioLibrary_Driver\Internet\TFTP\tftp.c(129): warning:  #177-D: function "set_tftp_timeout" was declared but never referenced
  static inline void set_tftp_timeout(uint32_t timeout)
..\..\..\..\..\external\wiznet\ioLibrary_Driver\Internet\TFTP\tftp.c(134): warning:  #177-D: function "get_tftp_timeout" was declared but never referenced
  static inline uint32_t get_tftp_timeout()
..\..\..\..\..\external\wiznet\ioLibrary_Driver\Internet\TFTP\tftp.c: 4 warnings, 0 errors
linking...
Program Size: Code=20684 RO-data=2092 RW-data=248 ZI-data=23320  
FromELF: creating hex file...
".\_build\nrf52832_xxaa_s132.axf" - 0 Error(s), 4 Warning(s).

<h2>Software Packages used:</h2>

Package Vendor: ARM
                http://www.keil.com/pack/ARM.CMSIS.4.5.0.pack
                ARM::CMSIS:CORE:4.3.0
                CMSIS (Cortex Microcontroller Software Interface Standard)
   * Component: CORE Version: 4.3.0

Package Vendor: NordicSemiconductor
                http://developer.nordicsemi.com/nRF5_SDK/pieces/nRF_DeviceFamilyPack/NordicSemiconductor.nRF_DeviceFamilyPack.8.11.1.pack
                NordicSemiconductor::Device:Startup:8.11.1
                Nordic Semiconductor nRF ARM devices Device Family Pack.
   * Component: Startup Version: 8.11.1

<h2>Collection of Component include folders:</h2>
  D:\Project\Nordic\Ble_to_Ethernet\FW\TFTP_Bootloader\nRF5_TFTP_SDK_12.2.0\examples\dfu\bootloader_tftp\wizble510\arm5_no_packs\RTE
  C:\Keil_v5\ARM\PACK\ARM\CMSIS\4.5.0\CMSIS\Include
  C:\Keil_v5\ARM\PACK\NordicSemiconductor\nRF_DeviceFamilyPack\8.11.1\Device\Include

<h2>Collection of Component Files used:</h2>

   * Component: ARM::CMSIS:CORE:4.3.0

   * Component: NordicSemiconductor::Device:Startup:8.11.1
      Source file:   Device\Source\arm\arm_startup_nrf52.s
      Source file:   Device\Source\system_nrf52.c
      Include file:  Device\Include\system_nrf52.h
Build Time Elapsed:  00:00:09
</pre>
</body>
</html>
