Component: ARM Compiler 5.06 update 3 (build 300) Tool: armlink [4d35c9]

==============================================================================

Section Cross References

    main.o(i.assert_nrf_callback) refers to app_error.o(i.app_error_handler) for app_error_handler
    main.o(i.main) refers to nrf_log_frontend.o(i.nrf_log_init) for nrf_log_init
    main.o(i.main) refers to app_error.o(i.app_error_handler) for app_error_handler
    main.o(i.main) refers to nrf_bootloader.o(i.nrf_bootloader_init) for nrf_bootloader_init
    main.o(i.main) refers to nrf_bootloader_app_start.o(i.nrf_bootloader_app_start) for nrf_bootloader_app_start
    main.o(i.main) refers to nrf_log_frontend.o(i.nrf_log_frontend_std_0) for nrf_log_frontend_std_0
    ble_advdata.o(i.adv_data_encode) refers to ble_advdata.o(i.ble_device_addr_encode) for ble_device_addr_encode
    ble_advdata.o(i.adv_data_encode) refers to ble_advdata.o(i.uint16_encode) for uint16_encode
    ble_advdata.o(i.adv_data_encode) refers to ble_advdata.o(i.uuid_list_encode) for uuid_list_encode
    ble_advdata.o(i.adv_data_encode) refers to ble_advdata.o(i.conn_int_encode) for conn_int_encode
    ble_advdata.o(i.adv_data_encode) refers to ble_advdata.o(i.manuf_specific_data_encode) for manuf_specific_data_encode
    ble_advdata.o(i.adv_data_encode) refers to ble_advdata.o(i.service_data_encode) for service_data_encode
    ble_advdata.o(i.adv_data_encode) refers to ble_advdata.o(i.name_encode) for name_encode
    ble_advdata.o(i.ble_advdata_set) refers to ble_advdata.o(i.adv_data_encode) for adv_data_encode
    ble_advdata.o(i.conn_int_encode) refers to ble_advdata.o(i.uint16_encode) for uint16_encode
    ble_advdata.o(i.manuf_specific_data_encode) refers to ble_advdata.o(i.uint16_encode) for uint16_encode
    ble_advdata.o(i.manuf_specific_data_encode) refers to memcpya.o(.text) for __aeabi_memcpy
    ble_advdata.o(i.service_data_encode) refers to ble_advdata.o(i.uint16_encode) for uint16_encode
    ble_advdata.o(i.service_data_encode) refers to memcpya.o(.text) for __aeabi_memcpy
    ble_advdata.o(i.uuid_list_encode) refers to ble_advdata.o(i.uuid_list_sized_encode) for uuid_list_sized_encode
    ble_conn_params.o(i.ble_conn_params_change_conn_params) refers to ble_conn_params.o(i.is_conn_params_ok) for is_conn_params_ok
    ble_conn_params.o(i.ble_conn_params_change_conn_params) refers to ble_conn_params.o(.data) for .data
    ble_conn_params.o(i.ble_conn_params_change_conn_params) refers to ble_conn_params.o(.bss) for .bss
    ble_conn_params.o(i.ble_conn_params_init) refers to memcpya.o(.text) for __aeabi_memcpy4
    ble_conn_params.o(i.ble_conn_params_init) refers to app_timer.o(i.app_timer_create) for app_timer_create
    ble_conn_params.o(i.ble_conn_params_init) refers to ble_conn_params.o(.bss) for .bss
    ble_conn_params.o(i.ble_conn_params_init) refers to ble_conn_params.o(.data) for .data
    ble_conn_params.o(i.ble_conn_params_init) refers to ble_conn_params.o(i.update_timeout_handler) for update_timeout_handler
    ble_conn_params.o(i.ble_conn_params_init) refers to ble_conn_params.o(.constdata) for .constdata
    ble_conn_params.o(i.ble_conn_params_on_ble_evt) refers to ble_srv_common.o(i.ble_srv_is_notification_enabled) for ble_srv_is_notification_enabled
    ble_conn_params.o(i.ble_conn_params_on_ble_evt) refers to ble_conn_params.o(i.conn_params_negotiation) for conn_params_negotiation
    ble_conn_params.o(i.ble_conn_params_on_ble_evt) refers to app_timer.o(i.app_timer_stop) for app_timer_stop
    ble_conn_params.o(i.ble_conn_params_on_ble_evt) refers to ble_conn_params.o(.data) for .data
    ble_conn_params.o(i.ble_conn_params_on_ble_evt) refers to ble_conn_params.o(.bss) for .bss
    ble_conn_params.o(i.ble_conn_params_on_ble_evt) refers to ble_conn_params.o(.constdata) for .constdata
    ble_conn_params.o(i.ble_conn_params_stop) refers to app_timer.o(i.app_timer_stop) for app_timer_stop
    ble_conn_params.o(i.ble_conn_params_stop) refers to ble_conn_params.o(.constdata) for .constdata
    ble_conn_params.o(i.conn_params_negotiation) refers to ble_conn_params.o(i.is_conn_params_ok) for is_conn_params_ok
    ble_conn_params.o(i.conn_params_negotiation) refers to app_timer.o(i.app_timer_start) for app_timer_start
    ble_conn_params.o(i.conn_params_negotiation) refers to ble_conn_params.o(.data) for .data
    ble_conn_params.o(i.conn_params_negotiation) refers to ble_conn_params.o(.bss) for .bss
    ble_conn_params.o(i.conn_params_negotiation) refers to ble_conn_params.o(.constdata) for .constdata
    ble_conn_params.o(i.is_conn_params_ok) refers to ble_conn_params.o(.data) for .data
    ble_conn_params.o(i.update_timeout_handler) refers to ble_conn_params.o(.data) for .data
    ble_conn_params.o(i.update_timeout_handler) refers to ble_conn_params.o(.bss) for .bss
    ble_conn_params.o(.constdata) refers to ble_conn_params.o(.bss) for m_conn_params_timer_id_data
[...]
    i.nrf_dfu_enter_check                    0x000757f0   Section        0  nrf_dfu_tftp.o(i.nrf_dfu_enter_check)
    i.nrf_dfu_flash_erase                    0x00075830   Section        0  nrf_dfu_flash.o(i.nrf_dfu_flash_erase)
    i.nrf_dfu_flash_store                    0x0007596c   Section        0  nrf_dfu_flash.o(i.nrf_dfu_flash_store)
    i.nrf_dfu_init                           0x00075a7c   Section        0  nrf_dfu_tftp.o(i.nrf_dfu_init)
    i.nrf_dfu_invalidate_bank                0x00075bd4   Section        0  nrf_dfu_tftp_utils.o(i.nrf_dfu_invalidate_bank)
    nrf_dfu_invalidate_bank                  0x00075bd5   Thumb Code    20  nrf_dfu_tftp_utils.o(i.nrf_dfu_invalidate_bank)
    i.nrf_dfu_mbr_compare                    0x00075bec   Section        0  nrf_dfu_mbr.o(i.nrf_dfu_mbr_compare)
    i.nrf_dfu_mbr_copy_bl                    0x00075c08   Section        0  nrf_dfu_mbr.o(i.nrf_dfu_mbr_copy_bl)
    i.nrf_dfu_mbr_copy_sd                    0x00075c20   Section        0  nrf_dfu_mbr.o(i.nrf_dfu_mbr_copy_sd)
    i.nrf_dfu_mbr_init_sd                    0x00075c44   Section        0  nrf_dfu_mbr.o(i.nrf_dfu_mbr_init_sd)
    i.nrf_dfu_sd_bl_continue                 0x00075c5c   Section        0  nrf_dfu_tftp_utils.o(i.nrf_dfu_sd_bl_continue)
    nrf_dfu_sd_bl_continue                   0x00075c5d   Thumb Code    54  nrf_dfu_tftp_utils.o(i.nrf_dfu_sd_bl_continue)
    i.nrf_dfu_sd_continue_impl               0x00075cfc   Section        0  nrf_dfu_tftp_utils.o(i.nrf_dfu_sd_continue_impl)
    nrf_dfu_sd_continue_impl                 0x00075cfd   Thumb Code   258  nrf_dfu_tftp_utils.o(i.nrf_dfu_sd_continue_impl)
    i.nrf_dfu_settings_calculate_crc         0x00075f2c   Section        0  nrf_dfu_tftp_settings.o(i.nrf_dfu_settings_calculate_crc)
    i.nrf_dfu_settings_init                  0x00075f3c   Section        0  nrf_dfu_tftp_settings.o(i.nrf_dfu_settings_init)
    i.nrf_dfu_settings_write                 0x00075fd4   Section        0  nrf_dfu_tftp_settings.o(i.nrf_dfu_settings_write)
    i.nrf_drv_clock_on_soc_event             0x00076174   Section        0  nrf_drv_clock.o(i.nrf_drv_clock_on_soc_event)
    i.nrf_drv_common_irq_disable             0x0007617e   Section        0  nrf_drv_uart.o(i.nrf_drv_common_irq_disable)
    nrf_drv_common_irq_disable               0x0007617f   Thumb Code    22  nrf_drv_uart.o(i.nrf_drv_common_irq_disable)
    i.nrf_drv_common_irq_enable              0x00076194   Section        0  nrf_drv_common.o(i.nrf_drv_common_irq_enable)
    i.nrf_drv_get_IRQn                       0x000761cc   Section        0  nrf_drv_uart.o(i.nrf_drv_get_IRQn)
    nrf_drv_get_IRQn                         0x000761cd   Thumb Code     6  nrf_drv_uart.o(i.nrf_drv_get_IRQn)
    i.nrf_drv_is_in_RAM                      0x000761d2   Section        0  nrf_drv_spi.o(i.nrf_drv_is_in_RAM)
    nrf_drv_is_in_RAM                        0x000761d3   Thumb Code    16  nrf_drv_spi.o(i.nrf_drv_is_in_RAM)
    i.nrf_drv_is_in_RAM                      0x000761e2   Section        0  nrf_drv_uart.o(i.nrf_drv_is_in_RAM)
    nrf_drv_is_in_RAM                        0x000761e3   Thumb Code    16  nrf_drv_uart.o(i.nrf_drv_is_in_RAM)
    i.nrf_drv_spi_init                       0x000761f4   Section        0  nrf_drv_spi.o(i.nrf_drv_spi_init)
    i.nrf_drv_spi_transfer                   0x00076310   Section        0  nrf_drv_spi.o(i.nrf_drv_spi_transfer)
    i.nrf_drv_spi_xfer                       0x0007632c   Section        0  nrf_drv_spi.o(i.nrf_drv_spi_xfer)
    i.nrf_drv_uart_init                      0x00076388   Section        0  nrf_drv_uart.o(i.nrf_drv_uart_init)
    i.nrf_drv_uart_tx                        0x000763f0   Section        0  nrf_drv_uart.o(i.nrf_drv_uart_tx)
    i.nrf_drv_uart_tx_in_progress            0x000764fc   Section        0  nrf_drv_uart.o(i.nrf_drv_uart_tx_in_progress)
    i.nrf_drv_uart_uninit                    0x00076514   Section        0  nrf_drv_uart.o(i.nrf_drv_uart_uninit)
    i.nrf_gpio_cfg                           0x00076568   Section        0  nrf_drv_spi.o(i.nrf_gpio_cfg)
    nrf_gpio_cfg                             0x00076569   Thumb Code    36  nrf_drv_spi.o(i.nrf_gpio_cfg)
    i.nrf_gpio_cfg                           0x0007658c   Section        0  nrf_drv_uart.o(i.nrf_gpio_cfg)
    nrf_gpio_cfg                             0x0007658d   Thumb Code    36  nrf_drv_uart.o(i.nrf_gpio_cfg)
    i.nrf_gpio_cfg_default                   0x000765b0   Section        0  nrf_drv_uart.o(i.nrf_gpio_cfg_default)
    nrf_gpio_cfg_default                     0x000765b1   Thumb Code    18  nrf_drv_uart.o(i.nrf_gpio_cfg_default)
    i.nrf_gpio_cfg_input                     0x000765c2   Section        0  nrf_drv_uart.o(i.nrf_gpio_cfg_input)
    nrf_gpio_cfg_input                       0x000765c3   Thumb Code    18  nrf_drv_uart.o(i.nrf_gpio_cfg_input)
    i.nrf_gpio_cfg_output                    0x000765d4   Section        0  nrf_drv_spi.o(i.nrf_gpio_cfg_output)
    nrf_gpio_cfg_output                      0x000765d5   Thumb Code    20  nrf_drv_spi.o(i.nrf_gpio_cfg_output)
    i.nrf_gpio_cfg_output                    0x000765e8   Section        0  nrf_drv_uart.o(i.nrf_gpio_cfg_output)
    nrf_gpio_cfg_output                      0x000765e9   Thumb Code    20  nrf_drv_uart.o(i.nrf_gpio_cfg_output)
    i.nrf_gpio_cfg_sense_set                 0x000765fc   Section        0  nrf_drv_gpiote.o(i.nrf_gpio_cfg_sense_set)
    nrf_gpio_cfg_sense_set                   0x000765fd   Thumb Code    34  nrf_drv_gpiote.o(i.nrf_gpio_cfg_sense_set)
    i.nrf_gpio_pin_set                       0x0007661e   Section        0  nrf_drv_spi.o(i.nrf_gpio_pin_set)
    nrf_gpio_pin_set                         0x0007661f   Thumb Code    14  nrf_drv_spi.o(i.nrf_gpio_pin_set)
    i.nrf_gpio_ports_read                    0x0007662c   Section        0  nrf_drv_gpiote.o(i.nrf_gpio_ports_read)
    nrf_gpio_ports_read                      0x0007662d   Thumb Code    34  nrf_drv_gpiote.o(i.nrf_gpio_ports_read)
    i.nrf_gpiote_event_clear                 0x00076654   Section        0  nrf_drv_gpiote.o(i.nrf_gpiote_event_clear)
    nrf_gpiote_event_clear                   0x00076655   Thumb Code    16  nrf_drv_gpiote.o(i.nrf_gpiote_event_clear)
    i.nrf_gpiote_event_is_set                0x00076668   Section        0  nrf_drv_gpiote.o(i.nrf_gpiote_event_is_set)
    nrf_gpiote_event_is_set                  0x00076669   Thumb Code    12  nrf_drv_gpiote.o(i.nrf_gpiote_event_is_set)
    i.nrf_log_backend_hexdump_handler_get    0x00076678   Section        0  nrf_log_backend_serial.o(i.nrf_log_backend_hexdump_handler_get)
    i.nrf_log_backend_init                   0x00076680   Section        0  nrf_log_backend_serial.o(i.nrf_log_backend_init)
    i.nrf_log_backend_serial_hexdump_handler 0x000766f0   Section        0  nrf_log_backend_serial.o(i.nrf_log_backend_serial_hexdump_handler)
    nrf_log_backend_serial_hexdump_handler   0x000766f1   Thumb Code   302  nrf_log_backend_serial.o(i.nrf_log_backend_serial_hexdump_handler)
    i.nrf_log_backend_serial_std_handler     0x0007681e   Section        0  nrf_log_backend_serial.o(i.nrf_log_backend_serial_std_handler)
    nrf_log_backend_serial_std_handler       0x0007681f   Thumb Code   276  nrf_log_backend_serial.o(i.nrf_log_backend_serial_std_handler)
    i.nrf_log_backend_std_handler_get        0x00076934   Section        0  nrf_log_backend_serial.o(i.nrf_log_backend_std_handler_get)
    i.nrf_log_direct_feed                    0x0007693c   Section        0  nrf_log_frontend.o(i.nrf_log_direct_feed)
    nrf_log_direct_feed                      0x0007693d   Thumb Code    20  nrf_log_frontend.o(i.nrf_log_direct_feed)
    i.nrf_log_frontend_std_0                 0x00076954   Section        0  nrf_log_frontend.o(i.nrf_log_frontend_std_0)
    i.nrf_log_frontend_std_1                 0x0007695c   Section        0  nrf_log_frontend.o(i.nrf_log_frontend_std_1)
    i.nrf_log_frontend_std_2                 0x0007696a   Section        0  nrf_log_frontend.o(i.nrf_log_frontend_std_2)
    i.nrf_log_frontend_std_3                 0x0007697a   Section        0  nrf_log_frontend.o(i.nrf_log_frontend_std_3)
    i.nrf_log_frontend_std_4                 0x0007698c   Section        0  nrf_log_frontend.o(i.nrf_log_frontend_std_4)
    i.nrf_log_frontend_std_5                 0x000769a0   Section        0  nrf_log_frontend.o(i.nrf_log_frontend_std_5)
    i.nrf_log_frontend_std_6                 0x000769bc   Section        0  nrf_log_frontend.o(i.nrf_log_frontend_std_6)
    i.nrf_log_handlers_set                   0x000769d8   Section        0  nrf_log_frontend.o(i.nrf_log_handlers_set)
    i.nrf_log_init                           0x000769e4   Section        0  nrf_log_frontend.o(i.nrf_log_init)
    i.nrf_nvmc_page_erase                    0x00076a08   Section        0  nrf_nvmc.o(i.nrf_nvmc_page_erase)
    i.nrf_nvmc_write_words                   0x00076a38   Section        0  nrf_nvmc.o(i.nrf_nvmc_write_words)
    i.nrf_spim_event_check                   0x00076a74   Section        0  nrf_drv_spi.o(i.nrf_spim_event_check)
    nrf_spim_event_check                     0x00076a75   Thumb Code    10  nrf_drv_spi.o(i.nrf_spim_event_check)
    i.nrf_uart_event_check                   0x00076a7e   Section        0  nrf_drv_uart.o(i.nrf_uart_event_check)
    nrf_uart_event_check                     0x00076a7f   Thumb Code    10  nrf_drv_uart.o(i.nrf_uart_event_check)
    i.nrf_uart_event_clear                   0x00076a88   Section        0  nrf_drv_uart.o(i.nrf_uart_event_clear)
    nrf_uart_event_clear                     0x00076a89   Thumb Code    12  nrf_drv_uart.o(i.nrf_uart_event_clear)
    i.nrf_uart_int_enable_check              0x00076a94   Section        0  nrf_drv_uart.o(i.nrf_uart_int_enable_check)
    nrf_uart_int_enable_check                0x00076a95   Thumb Code    12  nrf_drv_uart.o(i.nrf_uart_int_enable_check)
    i.nrf_uarte_event_check                  0x00076aa0   Section        0  nrf_drv_uart.o(i.nrf_uarte_event_check)
    nrf_uarte_event_check                    0x00076aa1   Thumb Code    10  nrf_drv_uart.o(i.nrf_uarte_event_check)
    i.nrf_uarte_event_clear                  0x00076aaa   Section        0  nrf_drv_uart.o(i.nrf_uarte_event_clear)
    nrf_uarte_event_clear                    0x00076aab   Thumb Code    12  nrf_drv_uart.o(i.nrf_uarte_event_clear)
    i.ntohl                                  0x00076ab6   Section        0  netutil.o(i.ntohl)
    i.ntohs                                  0x00076aba   Section        0  netutil.o(i.ntohs)
    i.pins_to_default                        0x00076ac0   Section        0  nrf_drv_uart.o(i.pins_to_default)
    pins_to_default                          0x00076ac1   Thumb Code   114  nrf_drv_uart.o(i.pins_to_default)
    i.queue_get_next_free                    0x00076b38   Section        0  fstorage.o(i.queue_get_next_free)
    queue_get_next_free                      0x00076b39   Thumb Code    52  fstorage.o(i.queue_get_next_free)
    i.queue_process                          0x00076b70   Section        0  fstorage.o(i.queue_process)
    queue_process                            0x00076b71   Thumb Code   104  fstorage.o(i.queue_process)
    i.queue_start                            0x00076be0   Section        0  fstorage.o(i.queue_start)
    queue_start                              0x00076be1   Thumb Code    22  fstorage.o(i.queue_start)
    i.recv_tftp_data                         0x00076bfc   Section        0  tftp.o(i.recv_tftp_data)
    recv_tftp_data                           0x00076bfd   Thumb Code   288  tftp.o(i.recv_tftp_data)
    i.recv_tftp_error                        0x00076da0   Section        0  tftp.o(i.recv_tftp_error)
    recv_tftp_error                          0x00076da1   Thumb Code    56  tftp.o(i.recv_tftp_error)
    i.recv_tftp_packet                       0x00076e38   Section        0  tftp.o(i.recv_tftp_packet)
    recv_tftp_packet                         0x00076e39   Thumb Code   178  tftp.o(i.recv_tftp_packet)
    i.recv_udp_packet                        0x00076fd8   Section        0  tftp.o(i.recv_udp_packet)
    recv_udp_packet                          0x00076fd9   Thumb Code   126  tftp.o(i.recv_udp_packet)
    i.recvfrom                               0x00077100   Section        0  socket.o(i.recvfrom)
    i.reg_wizchip_cs_cbfunc                  0x000772c4   Section        0  wizchip_conf.o(i.reg_wizchip_cs_cbfunc)
    i.reg_wizchip_spi_cbfunc                 0x000772e8   Section        0  wizchip_conf.o(i.reg_wizchip_spi_cbfunc)
    i.rtc1_stop                              0x00077314   Section        0  app_timer.o(i.rtc1_stop)
    rtc1_stop                                0x00077315   Thumb Code    52  app_timer.o(i.rtc1_stop)
    i.rx_byte                                0x00077350   Section        0  nrf_drv_uart.o(i.rx_byte)
    rx_byte                                  0x00077351   Thumb Code    50  nrf_drv_uart.o(i.rx_byte)
    i.rx_done_event                          0x00077382   Section        0  nrf_drv_uart.o(i.rx_done_event)
    rx_done_event                            0x00077383   Thumb Code    24  nrf_drv_uart.o(i.rx_done_event)
    i.send_event                             0x0007739a   Section        0  fstorage.o(i.send_event)
    send_event                               0x0007739b   Thumb Code    76  fstorage.o(i.send_event)
    i.send_tftp_ack                          0x000773e8   Section        0  tftp.o(i.send_tftp_ack)
    send_tftp_ack                            0x000773e9   Thumb Code    58  tftp.o(i.send_tftp_ack)
    i.send_tftp_rrq                          0x00077454   Section        0  tftp.o(i.send_tftp_rrq)
    send_tftp_rrq                            0x00077455   Thumb Code   184  tftp.o(i.send_tftp_rrq)
    i.send_udp_packet                        0x00077548   Section        0  tftp.o(i.send_udp_packet)
    send_udp_packet                          0x00077549   Thumb Code    54  tftp.o(i.send_udp_packet)
    i.sendto                                 0x000775ac   Section        0  socket.o(i.sendto)
    i.serial_is_busy                         0x0007770c   Section        0  nrf_log_backend_serial.o(i.serial_is_busy)
    serial_is_busy                           0x0007770d   Thumb Code     6  nrf_log_backend_serial.o(i.serial_is_busy)
    i.serial_tx                              0x00077718   Section        0  nrf_log_backend_serial.o(i.serial_tx)
    serial_tx                                0x00077719   Thumb Code    34  nrf_log_backend_serial.o(i.serial_tx)
    i.set_server_ip                          0x00077744   Section        0  tftp.o(i.set_server_ip)
    set_server_ip                            0x00077745   Thumb Code    14  tftp.o(i.set_server_ip)
    i.socket                                 0x00077784   Section        0  socket.o(i.socket)
    i.spim_xfer                              0x00077888   Section        0  nrf_drv_spi.o(i.spim_xfer)
    spim_xfer                                0x00077889   Thumb Code   178  nrf_drv_spi.o(i.spim_xfer)
    i.swapl                                  0x0007793a   Section        0  netutil.o(i.swapl)
    i.swaps                                  0x00077952   Section        0  netutil.o(i.swaps)
    i.tftp_cancel_timeout                    0x0007795c   Section        0  tftp.o(i.tftp_cancel_timeout)
    tftp_cancel_timeout                      0x0007795d   Thumb Code    18  tftp.o(i.tftp_cancel_timeout)
    i.tftp_reg_timeout                       0x00077974   Section        0  tftp.o(i.tftp_reg_timeout)
    tftp_reg_timeout                         0x00077975   Thumb Code    20  tftp.o(i.tftp_reg_timeout)
    i.timer_list_handler                     0x0007798c   Section        0  app_timer.o(i.timer_list_handler)
    timer_list_handler                       0x0007798d   Thumb Code   134  app_timer.o(i.timer_list_handler)
    i.timer_list_insert                      0x00077a18   Section        0  app_timer.o(i.timer_list_insert)
    timer_list_insert                        0x00077a19   Thumb Code    56  app_timer.o(i.timer_list_insert)
    i.timer_timeouts_check                   0x00077a54   Section        0  app_timer.o(i.timer_timeouts_check)
    timer_timeouts_check                     0x00077a55   Thumb Code   130  app_timer.o(i.timer_timeouts_check)
    i.timestamp_process                      0x00077b18   Section        0  nrf_log_backend_serial.o(i.timestamp_process)
    timestamp_process                        0x00077b19   Thumb Code    44  nrf_log_backend_serial.o(i.timestamp_process)
    i.tx_byte                                0x00077b4c   Section        0  nrf_drv_uart.o(i.tx_byte)
    tx_byte                                  0x00077b4d   Thumb Code    32  nrf_drv_uart.o(i.tx_byte)
    i.tx_done_event                          0x00077b6c   Section        0  nrf_drv_uart.o(i.tx_done_event)
    tx_done_event                            0x00077b6d   Thumb Code    28  nrf_drv_uart.o(i.tx_done_event)
    i.uart_event_handler                     0x00077b88   Section        0  nrf_log_backend_serial.o(i.uart_event_handler)
    uart_event_handler                       0x00077b89   Thumb Code    12  nrf_log_backend_serial.o(i.uart_event_handler)
    i.uart_irq_handler                       0x00077b98   Section        0  nrf_drv_uart.o(i.uart_irq_handler)
    uart_irq_handler                         0x00077b99   Thumb Code   286  nrf_drv_uart.o(i.uart_irq_handler)
    i.uarte_irq_handler                      0x00077cb6   Section        0  nrf_drv_uart.o(i.uarte_irq_handler)
    uarte_irq_handler                        0x00077cb7   Thumb Code   240  nrf_drv_uart.o(i.uarte_irq_handler)
    i.user_ethernet_init                     0x00077da8   Section        0  user_ethernet.o(i.user_ethernet_init)
    i.wait_for_queue                         0x00077ef8   Section        0  nrf_dfu_tftp_settings.o(i.wait_for_queue)
    wait_for_queue                           0x00077ef9   Thumb Code    26  nrf_dfu_tftp_settings.o(i.wait_for_queue)
    i.wiz_recv_data                          0x00077f48   Section        0  w5500.o(i.wiz_recv_data)
    i.wiz_recv_ignore                        0x00077fa8   Section        0  w5500.o(i.wiz_recv_ignore)
    i.wiz_send_data                          0x00077fea   Section        0  w5500.o(i.wiz_send_data)
    i.wizchip_bus_readbyte                   0x0007804a   Section        0  wizchip_conf.o(i.wizchip_bus_readbyte)
    i.wizchip_bus_writebyte                  0x0007804e   Section        0  wizchip_conf.o(i.wizchip_bus_writebyte)
    i.wizchip_clrinterrupt                   0x00078052   Section        0  wizchip_conf.o(i.wizchip_clrinterrupt)
    i.wizchip_cris_enter                     0x00078070   Section        0  wizchip_conf.o(i.wizchip_cris_enter)
    i.wizchip_cris_exit                      0x00078072   Section        0  wizchip_conf.o(i.wizchip_cris_exit)
    i.wizchip_cs_deselect                    0x00078074   Section        0  wizchip_conf.o(i.wizchip_cs_deselect)
    i.wizchip_cs_select                      0x00078076   Section        0  wizchip_conf.o(i.wizchip_cs_select)
    i.wizchip_deselect                       0x00078078   Section        0  user_ethernet.o(i.wizchip_deselect)
    i.wizchip_getinterrupt                   0x00078086   Section        0  wizchip_conf.o(i.wizchip_getinterrupt)
    i.wizchip_getinterruptmask               0x000780a4   Section        0  wizchip_conf.o(i.wizchip_getinterruptmask)
    i.wizchip_getnetinfo                     0x000780c0   Section        0  wizchip_conf.o(i.wizchip_getnetinfo)
    i.wizchip_getnetmode                     0x00078118   Section        0  wizchip_conf.o(i.wizchip_getnetmode)
    i.wizchip_gettimeout                     0x0007811e   Section        0  wizchip_conf.o(i.wizchip_gettimeout)
    i.wizchip_init                           0x00078146   Section        0  wizchip_conf.o(i.wizchip_init)
    i.wizchip_read                           0x000781c0   Section        0  user_ethernet.o(i.wizchip_read)
    i.wizchip_select                         0x00078204   Section        0  user_ethernet.o(i.wizchip_select)
    i.wizchip_setinterruptmask               0x00078212   Section        0  wizchip_conf.o(i.wizchip_setinterruptmask)
    i.wizchip_setnetinfo                     0x00078230   Section        0  wizchip_conf.o(i.wizchip_setnetinfo)
    i.wizchip_setnetmode                     0x00078288   Section        0  wizchip_conf.o(i.wizchip_setnetmode)
    i.wizchip_settimeout                     0x000782ac   Section        0  wizchip_conf.o(i.wizchip_settimeout)
    i.wizchip_spi_readbyte                   0x000782d4   Section        0  wizchip_conf.o(i.wizchip_spi_readbyte)
    i.wizchip_spi_writebyte                  0x000782d8   Section        0  wizchip_conf.o(i.wizchip_spi_writebyte)
    i.wizchip_sw_reset                       0x000782da   Section        0  wizchip_conf.o(i.wizchip_sw_reset)
    i.wizchip_write                          0x00078350   Section        0  user_ethernet.o(i.wizchip_write)
    i.wizphy_getphyconf                      0x00078390   Section        0  wizchip_conf.o(i.wizphy_getphyconf)
    i.wizphy_getphylink                      0x000783de   Section        0  wizchip_conf.o(i.wizphy_getphylink)
    i.wizphy_getphypmode                     0x000783f0   Section        0  wizchip_conf.o(i.wizphy_getphypmode)
    i.wizphy_reset                           0x00078408   Section        0  wizchip_conf.o(i.wizphy_reset)
    i.wizphy_setphyconf                      0x00078432   Section        0  wizchip_conf.o(i.wizphy_setphyconf)
    i.wizphy_setphypmode                     0x0007847c   Section        0  wizchip_conf.o(i.wizphy_setphypmode)
    .constdata                               0x000784cc   Section       16  nrf_dfu_flash.o(.constdata)
    .constdata                               0x000784dc   Section       64  nrf_dfu_mbr.o(.constdata)
    .constdata                               0x0007851c   Section        4  nrf_drv_gpiote.o(.constdata)
    .constdata                               0x00078520   Section       32  nrf_log_backend_serial.o(.constdata)
    .constdata                               0x00078540   Section       40  user_ethernet.o(.constdata)
    spi_inst                                 0x00078540   Data           8  user_ethernet.o(.constdata)
    .constdata                               0x00078568   Section      129  ctype_o.o(.constdata)
    .constdata                               0x000785ec   Section        4  ctype_o.o(.constdata)
    table                                    0x000785ec   Data           4  ctype_o.o(.constdata)
    .conststring                             0x000785f0   Section       66  nrf_dfu_tftp.o(.conststring)
    .conststring                             0x00078634   Section      431  nrf_dfu_tftp_utils.o(.conststring)
    .conststring                             0x000787e4   Section      143  nrf_dfu_tftp_settings.o(.conststring)
    .conststring                             0x00078874   Section       84  softdevice_handler.o(.conststring)
    .conststring                             0x000788c8   Section       12  tftp.o(.conststring)
    .ARM.__AT_0x0007E000                     0x0007e000   Section     4096  nrf_dfu_tftp_settings.o(.ARM.__AT_0x0007E000)
    __tagsym$$used                           0x0007e000   Number         0  nrf_dfu_tftp_settings.o(.ARM.__AT_0x0007E000)
    .ARM.__AT_0x0007F000                     0x0007f000   Section     4096  nrf_dfu_tftp_settings.o(.ARM.__AT_0x0007F000)
    __tagsym$$used                           0x0007f000   Number         0  nrf_dfu_tftp_settings.o(.ARM.__AT_0x0007F000)
    .ARM.__AT_0x10001014                     0x10001014   Section        4  nrf_bootloader_info.o(.ARM.__AT_0x10001014)
    .ARM.__AT_0x10001018                     0x10001018   Section        4  nrf_dfu_tftp_settings.o(.ARM.__AT_0x10001018)
    .ARM.__AT_0x1000120C                     0x1000120c   Section        4  main.o(.ARM.__AT_0x1000120C)
    __tagsym$$used                           0x1000120c   Number         0  main.o(.ARM.__AT_0x1000120C)
    .data                                    0x20002c00   Section        4  nrf_dfu_flash.o(.data)
    m_flags                                  0x20002c00   Data           4  nrf_dfu_flash.o(.data)
    .data                                    0x20002c04   Section        4  nrf_dfu_tftp.o(.data)
    .data                                    0x20002c08   Section        8  nrf_dfu_tftp_settings.o(.data)
    flash_operation_pending                  0x20002c08   Data           1  nrf_dfu_tftp_settings.o(.data)
    m_callback                               0x20002c0c   Data           4  nrf_dfu_tftp_settings.o(.data)
    .data                                    0x20002c10   Section       32  app_timer.o(.data)
    m_ticks_elapsed_q_read_ind               0x20002c10   Data           1  app_timer.o(.data)
    m_ticks_elapsed_q_write_ind              0x20002c11   Data           1  app_timer.o(.data)
    m_rtc1_running                           0x20002c12   Data           1  app_timer.o(.data)
    m_rtc1_reset                             0x20002c13   Data           1  app_timer.o(.data)
    mp_timer_id_head                         0x20002c14   Data           4  app_timer.o(.data)
    m_ticks_latest                           0x20002c18   Data           4  app_timer.o(.data)
    m_evt_schedule_func                      0x20002c1c   Data           4  app_timer.o(.data)
    m_op_queue                               0x20002c20   Data           8  app_timer.o(.data)
    m_ticks_elapsed                          0x20002c28   Data           8  app_timer.o(.data)
    .data                                    0x20002c30   Section        2  fstorage.o(.data)
    m_flags                                  0x20002c30   Data           1  fstorage.o(.data)
    m_retry_count                            0x20002c31   Data           1  fstorage.o(.data)
    .data                                    0x20002c34   Section       12  nrf_log_backend_serial.o(.data)
    m_initialized                            0x20002c34   Data           1  nrf_log_backend_serial.o(.data)
    m_blocking_mode                          0x20002c35   Data           1  nrf_log_backend_serial.o(.data)
    m_rx_done                                0x20002c36   Data           1  nrf_log_backend_serial.o(.data)
    m_uart                                   0x20002c38   Data           8  nrf_log_backend_serial.o(.data)
    .data                                    0x20002c40   Section       20  softdevice_handler.o(.data)
    m_softdevice_enabled                     0x20002c40   Data           1  softdevice_handler.o(.data)
    m_suspended                              0x20002c41   Data           1  softdevice_handler.o(.data)
    m_ble_evt_buffer_size                    0x20002c42   Data           2  softdevice_handler.o(.data)
    m_evt_schedule_func                      0x20002c44   Data           4  softdevice_handler.o(.data)
    mp_ble_evt_buffer                        0x20002c48   Data           4  softdevice_handler.o(.data)
    m_ble_evt_handler                        0x20002c4c   Data           4  softdevice_handler.o(.data)
    m_sys_evt_handler                        0x20002c50   Data           4  softdevice_handler.o(.data)
    .data                                    0x20002c54   Section       48  wizchip_conf.o(.data)
    _DHCP_                                   0x20002c54   Data           1  wizchip_conf.o(.data)
    _DNS_                                    0x20002c55   Data           4  wizchip_conf.o(.data)
    .data                                    0x20002c84   Section       14  socket.o(.data)
    sock_any_port                            0x20002c84   Data           2  socket.o(.data)
    sock_io_mode                             0x20002c86   Data           2  socket.o(.data)
    sock_is_sending                          0x20002c88   Data           2  socket.o(.data)
    sock_pack_info                           0x20002c8a   Data           8  socket.o(.data)
    .data                                    0x20002c94   Section       48  tftp.o(.data)
    g_server_port                            0x20002c96   Data           2  tftp.o(.data)
    g_local_port                             0x20002c98   Data           2  tftp.o(.data)
    g_block_num                              0x20002c9a   Data           2  tftp.o(.data)
    g_tftp_socket                            0x20002c9c   Data           4  tftp.o(.data)
    g_server_ip                              0x20002ca0   Data           4  tftp.o(.data)
    g_tftp_state                             0x20002ca4   Data           4  tftp.o(.data)
    g_timeout                                0x20002ca8   Data           4  tftp.o(.data)
    g_resend_flag                            0x20002cac   Data           4  tftp.o(.data)
    tftp_time_cnt                            0x20002cb0   Data           4  tftp.o(.data)
    tftp_retry_cnt                           0x20002cb4   Data           4  tftp.o(.data)
    g_tftp_rcv_buf                           0x20002cb8   Data           4  tftp.o(.data)
    default_tftp_opt                         0x20002cbc   Data           8  tftp.o(.data)
    .data                                    0x20002cc4   Section       23  user_ethernet.o(.data)
    .data                                    0x20002cdc   Section        4  system_nrf52.o(.data)
    __tagsym$$used                           0x20002cdc   Number         0  system_nrf52.o(.data)
    fs_data                                  0x20002ce0   Section       16  nrf_dfu_flash.o(fs_data)
    __tagsym$$used                           0x20002ce0   Number         0  nrf_dfu_flash.o(fs_data)
    fs_dfu_config                            0x20002ce0   Data          16  nrf_dfu_flash.o(fs_data)
    .bss                                     0x20002cf0   Section     1514  nrf_dfu_tftp.o(.bss)
    .bss                                     0x200032dc   Section      696  nrf_dfu_tftp_settings.o(.bss)
    temp_dfu_settings                        0x200032dc   Data         348  nrf_dfu_tftp_settings.o(.bss)
    .bss                                     0x20003594   Section       32  nrf_drv_spi.o(.bss)
    m_cb                                     0x20003594   Data          32  nrf_drv_spi.o(.bss)
    .bss                                     0x200035b4   Section       32  nrf_drv_uart.o(.bss)
    m_cb                                     0x200035b4   Data          32  nrf_drv_uart.o(.bss)
    .bss                                     0x200035d4   Section       88  nrf_drv_gpiote.o(.bss)
    m_cb                                     0x200035d4   Data          88  nrf_drv_gpiote.o(.bss)
    .bss                                     0x2000362c   Section       20  nrf_drv_clock.o(.bss)
    m_clock_cb                               0x2000362c   Data          20  nrf_drv_clock.o(.bss)
    .bss                                     0x20003640   Section       32  app_error.o(.bss)
    m_error_data                             0x20003640   Data          32  app_error.o(.bss)
    .bss                                     0x20003660   Section      104  fstorage.o(.bss)
    m_queue                                  0x20003660   Data         104  fstorage.o(.bss)
    .bss                                     0x200036c8   Section      256  nrf_log_backend_serial.o(.bss)
    m_uart_buffer                            0x200036c8   Data         256  nrf_log_backend_serial.o(.bss)
    .bss                                     0x200037c8   Section       28  nrf_log_frontend.o(.bss)
    m_log_data                               0x200037c8   Data          28  nrf_log_frontend.o(.bss)
    .bss                                     0x200037e4   Section       16  socket.o(.bss)
    sock_remained_size                       0x200037e4   Data          16  socket.o(.bss)
    .bss                                     0x200037f4   Section     4116  tftp.o(.bss)
    g_filename                               0x200037f4   Data          20  tftp.o(.bss)
    write_data                               0x20003808   Data        4096  tftp.o(.bss)
    STACK                                    0x20004808   Section     8192  arm_startup_nrf52.o(STACK)

    Global Symbols

    Symbol Name                              Value     Ov Type        Size  Object(Section)

    BuildAttributes$$THM_ISAv4$E$P$D$K$B$S$7EM$VFPi3$EXTD16$VFPS$VFMA$PE$A:L22UL41UL21$X:L11$S22US41US21$IEEE1$IW$USESV6$~STKCKD$USESV7$~SHL$OSPACE$ROPI$EBA8$MICROLIB$REQ8$PRES8$EABIv2 0x00000000   Number         0  anon$$obj.o ABSOLUTE
    __ARM_use_no_argv                        0x00000000   Number         0  main.o ABSOLUTE
    _printf_a                                0x00000000   Number         0  stubs.o ABSOLUTE
    _printf_c                                0x00000000   Number         0  stubs.o ABSOLUTE
    _printf_charcount                        0x00000000   Number         0  stubs.o ABSOLUTE
    _printf_d                                0x00000000   Number         0  stubs.o ABSOLUTE
    _printf_e                                0x00000000   Number         0  stubs.o ABSOLUTE
    _printf_f                                0x00000000   Number         0  stubs.o ABSOLUTE
    _printf_flags                            0x00000000   Number         0  stubs.o ABSOLUTE
    _printf_fp_dec                           0x00000000   Number         0  stubs.o ABSOLUTE
    _printf_fp_hex                           0x00000000   Number         0  stubs.o ABSOLUTE
    _printf_g                                0x00000000   Number         0  stubs.o ABSOLUTE
    _printf_i                                0x00000000   Number         0  stubs.o ABSOLUTE
    _printf_int_dec                          0x00000000   Number         0  stubs.o ABSOLUTE
    _printf_l                                0x00000000   Number         0  stubs.o ABSOLUTE
    _printf_lc                               0x00000000   Number         0  stubs.o ABSOLUTE
    _printf_ll                               0x00000000   Number         0  stubs.o ABSOLUTE
    _printf_lld                              0x00000000   Number         0  stubs.o ABSOLUTE
    _printf_lli                              0x00000000   Number         0  stubs.o ABSOLUTE
    _printf_llo                              0x00000000   Number         0  stubs.o ABSOLUTE
    _printf_llu                              0x00000000   Number         0  stubs.o ABSOLUTE
    _printf_llx                              0x00000000   Number         0  stubs.o ABSOLUTE
    _printf_longlong_dec                     0x00000000   Number         0  stubs.o ABSOLUTE
    _printf_longlong_hex                     0x00000000   Number         0  stubs.o ABSOLUTE
    _printf_longlong_oct                     0x00000000   Number         0  stubs.o ABSOLUTE
    _printf_ls                               0x00000000   Number         0  stubs.o ABSOLUTE
    _printf_mbtowc                           0x00000000   Number         0  stubs.o ABSOLUTE
    _printf_n                                0x00000000   Number         0  stubs.o ABSOLUTE
    _printf_o                                0x00000000   Number         0  stubs.o ABSOLUTE
    _printf_p                                0x00000000   Number         0  stubs.o ABSOLUTE
    _printf_percent                          0x00000000   Number         0  stubs.o ABSOLUTE
    _printf_pre_padding                      0x00000000   Number         0  stubs.o ABSOLUTE
    _printf_return_value                     0x00000000   Number         0  stubs.o ABSOLUTE
    _printf_s                                0x00000000   Number         0  stubs.o ABSOLUTE
    _printf_sizespec                         0x00000000   Number         0  stubs.o ABSOLUTE
    _printf_str                              0x00000000   Number         0  stubs.o ABSOLUTE
    _printf_truncate_signed                  0x00000000   Number         0  stubs.o ABSOLUTE
    _printf_truncate_unsigned                0x00000000   Number         0  stubs.o ABSOLUTE
    _printf_u                                0x00000000   Number         0  stubs.o ABSOLUTE
    _printf_wc                               0x00000000   Number         0  stubs.o ABSOLUTE
    _printf_wctomb                           0x00000000   Number         0  stubs.o ABSOLUTE
    _printf_widthprec                        0x00000000   Number         0  stubs.o ABSOLUTE
    _printf_x                                0x00000000   Number         0  stubs.o ABSOLUTE
    __cpp_initialize__aeabi_                  - Undefined Weak Reference
    __cxa_finalize                            - Undefined Weak Reference
    __decompress                              - Undefined Weak Reference
    _clock_init                               - Undefined Weak Reference
    _microlib_exit                            - Undefined Weak Reference
    dfu_trans$$Base                           - Undefined Reference
    dfu_trans$$Limit                          - Undefined Reference
    __Vectors_Size                           0x00000400   Number         0  arm_startup_nrf52.o ABSOLUTE
    Image$$ER_IROM1$$Base                    0x00073000   Number         0  anon$$obj.o ABSOLUTE
    __Vectors                                0x00073000   Data           4  arm_startup_nrf52.o(RESET)
    __Vectors_End                            0x00073400   Data           0  arm_startup_nrf52.o(RESET)
    __main                                   0x00073401   Thumb Code     0  entry.o(.ARM.Collect$$$$00000000)
    _main_stk                                0x00073401   Thumb Code     0  entry2.o(.ARM.Collect$$$$00000001)
    _main_scatterload                        0x00073405   Thumb Code     0  entry5.o(.ARM.Collect$$$$00000004)
    __main_after_scatterload                 0x00073409   Thumb Code     0  entry5.o(.ARM.Collect$$$$00000004)
    _main_clock                              0x00073409   Thumb Code     0  entry7b.o(.ARM.Collect$$$$00000008)
    _main_cpp_init                           0x00073409   Thumb Code     0  entry8b.o(.ARM.Collect$$$$0000000A)
    _main_init                               0x00073409   Thumb Code     0  entry9a.o(.ARM.Collect$$$$0000000B)
    __rt_final_cpp                           0x00073411   Thumb Code     0  entry10a.o(.ARM.Collect$$$$0000000D)
    __rt_final_exit                          0x00073411   Thumb Code     0  entry11a.o(.ARM.Collect$$$$0000000F)
    __asm___26_nrf_bootloader_app_start_c_5c9f33f9__nrf_bootloader_app_start_impl 0x00073415   Thumb Code    52  nrf_bootloader_app_start.o(.emb_text)
    Reset_Handler                            0x00073449   Thumb Code     8  arm_startup_nrf52.o(.text)
    NMI_Handler                              0x00073451   Thumb Code     2  arm_startup_nrf52.o(.text)
    HardFault_Handler                        0x00073453   Thumb Code     2  arm_startup_nrf52.o(.text)
    MemoryManagement_Handler                 0x00073455   Thumb Code     2  arm_startup_nrf52.o(.text)
    BusFault_Handler                         0x00073457   Thumb Code     2  arm_startup_nrf52.o(.text)
    UsageFault_Handler                       0x00073459   Thumb Code     2  arm_startup_nrf52.o(.text)
    SVC_Handler                              0x0007345b   Thumb Code     2  arm_startup_nrf52.o(.text)
    DebugMon_Handler                         0x0007345d   Thumb Code     2  arm_startup_nrf52.o(.text)
    PendSV_Handler                           0x0007345f   Thumb Code     2  arm_startup_nrf52.o(.text)
    SysTick_Handler                          0x00073461   Thumb Code     2  arm_startup_nrf52.o(.text)
    CCM_AAR_IRQHandler                       0x00073463   Thumb Code     0  arm_startup_nrf52.o(.text)
    COMP_LPCOMP_IRQHandler                   0x00073463   Thumb Code     0  arm_startup_nrf52.o(.text)
    ECB_IRQHandler                           0x00073463   Thumb Code     0  arm_startup_nrf52.o(.text)
    FPU_IRQHandler                           0x00073463   Thumb Code     0  arm_startup_nrf52.o(.text)
    I2S_IRQHandler                           0x00073463   Thumb Code     0  arm_startup_nrf52.o(.text)
    MWU_IRQHandler                           0x00073463   Thumb Code     0  arm_startup_nrf52.o(.text)
    NFCT_IRQHandler                          0x00073463   Thumb Code     0  arm_startup_nrf52.o(.text)
    PDM_IRQHandler                           0x00073463   Thumb Code     0  arm_startup_nrf52.o(.text)
    PWM0_IRQHandler                          0x00073463   Thumb Code     0  arm_startup_nrf52.o(.text)
    PWM1_IRQHandler                          0x00073463   Thumb Code     0  arm_startup_nrf52.o(.text)
    PWM2_IRQHandler                          0x00073463   Thumb Code     0  arm_startup_nrf52.o(.text)
    QDEC_IRQHandler                          0x00073463   Thumb Code     0  arm_startup_nrf52.o(.text)
    RADIO_IRQHandler                         0x00073463   Thumb Code     0  arm_startup_nrf52.o(.text)
    RNG_IRQHandler                           0x00073463   Thumb Code     0  arm_startup_nrf52.o(.text)
    RTC0_IRQHandler                          0x00073463   Thumb Code     0  arm_startup_nrf52.o(.text)
    RTC2_IRQHandler                          0x00073463   Thumb Code     0  arm_startup_nrf52.o(.text)
    SAADC_IRQHandler                         0x00073463   Thumb Code     0  arm_startup_nrf52.o(.text)
    SPIM1_SPIS1_TWIM1_TWIS1_SPI1_TWI1_IRQHandler 0x00073463   Thumb Code     0  arm_startup_nrf52.o(.text)
    SPIM2_SPIS2_SPI2_IRQHandler              0x00073463   Thumb Code     0  arm_startup_nrf52.o(.text)
    SWI1_EGU1_IRQHandler                     0x00073463   Thumb Code     0  arm_startup_nrf52.o(.text)
    SWI3_EGU3_IRQHandler                     0x00073463   Thumb Code     0  arm_startup_nrf52.o(.text)
    SWI4_EGU4_IRQHandler                     0x00073463   Thumb Code     0  arm_startup_nrf52.o(.text)
    SWI5_EGU5_IRQHandler                     0x00073463   Thumb Code     0  arm_startup_nrf52.o(.text)
    TEMP_IRQHandler                          0x00073463   Thumb Code     0  arm_startup_nrf52.o(.text)
    TIMER0_IRQHandler                        0x00073463   Thumb Code     0  arm_startup_nrf52.o(.text)
    TIMER1_IRQHandler                        0x00073463   Thumb Code     0  arm_startup_nrf52.o(.text)
    TIMER2_IRQHandler                        0x00073463   Thumb Code     0  arm_startup_nrf52.o(.text)
    TIMER3_IRQHandler                        0x00073463   Thumb Code     0  arm_startup_nrf52.o(.text)
    TIMER4_IRQHandler                        0x00073463   Thumb Code     0  arm_startup_nrf52.o(.text)
    WDT_IRQHandler                           0x00073463   Thumb Code     0  arm_startup_nrf52.o(.text)
    __aeabi_llsl                             0x0007346d   Thumb Code    30  llshl.o(.text)
    _ll_shift_l                              0x0007346d   Thumb Code     0  llshl.o(.text)
    __rt_ctype_table                         0x0007348d   Thumb Code     4  ctype_o.o(.text)
    __aeabi_memcpy                           0x00073495   Thumb Code    36  memcpya.o(.text)
    __aeabi_memcpy4                          0x00073495   Thumb Code     0  memcpya.o(.text)
    __aeabi_memcpy8                          0x00073495   Thumb Code     0  memcpya.o(.text)
    __aeabi_memset                           0x000734b9   Thumb Code    14  memseta.o(.text)
    __aeabi_memset4                          0x000734b9   Thumb Code     0  memseta.o(.text)
    __aeabi_memset8                          0x000734b9   Thumb Code     0  memseta.o(.text)
    __aeabi_memclr                           0x000734c7   Thumb Code     4  memseta.o(.text)
    __aeabi_memclr4                          0x000734c7   Thumb Code     0  memseta.o(.text)
    __aeabi_memclr8                          0x000734c7   Thumb Code     0  memseta.o(.text)
    _memset$wrapper                          0x000734cb   Thumb Code    18  memseta.o(.text)
    strlen                                   0x000734dd   Thumb Code    14  strlen.o(.text)
    strcpy                                   0x000734eb   Thumb Code    18  strcpy.o(.text)
    __aeabi_uldivmod                         0x000734fd   Thumb Code    98  uldiv.o(.text)
    __scatterload                            0x00073561   Thumb Code    28  init.o(.text)
    __scatterload_rt2                        0x00073561   Thumb Code     0  init.o(.text)
    __aeabi_llsr                             0x00073585   Thumb Code    32  llushr.o(.text)
    _ll_ushift_r                             0x00073585   Thumb Code     0  llushr.o(.text)
    GPIOTE_IRQHandler                        0x000735a5   Thumb Code   362  nrf_drv_gpiote.o(i.GPIOTE_IRQHandler)
    POWER_CLOCK_IRQHandler                   0x0007375d   Thumb Code    84  nrf_drv_clock.o(i.POWER_CLOCK_IRQHandler)
    RTC1_IRQHandler                          0x000737b5   Thumb Code    32  app_timer.o(i.RTC1_IRQHandler)
    SPIM0_SPIS0_TWIM0_TWIS0_SPI0_TWI0_IRQHandler 0x000737d9   Thumb Code    62  nrf_drv_spi.o(i.SPIM0_SPIS0_TWIM0_TWIS0_SPI0_TWI0_IRQHandler)
    SWI0_EGU0_IRQHandler                     0x00073821   Thumb Code     4  app_timer.o(i.SWI0_EGU0_IRQHandler)
    SWI2_EGU2_IRQHandler                     0x00073825   Thumb Code    38  softdevice_handler.o(i.SWI2_EGU2_IRQHandler)
    SystemInit                               0x00073855   Thumb Code   610  system_nrf52.o(i.SystemInit)
    TFTP_init                                0x00073af1   Thumb Code    70  tftp.o(i.TFTP_init)
    TFTP_read_request                        0x00073b6d   Thumb Code    42  tftp.o(i.TFTP_read_request)
    TFTP_run                                 0x00073bdd   Thumb Code   126  tftp.o(i.TFTP_run)
    UARTE0_UART0_IRQHandler                  0x00073ca5   Thumb Code    20  nrf_drv_uart.o(i.UARTE0_UART0_IRQHandler)
    WIZCHIP_READ                             0x00073cc1   Thumb Code    84  w5500.o(i.WIZCHIP_READ)
    WIZCHIP_READ_BUF                         0x00073d19   Thumb Code   112  w5500.o(i.WIZCHIP_READ_BUF)
    WIZCHIP_WRITE                            0x00073d8d   Thumb Code    90  w5500.o(i.WIZCHIP_WRITE)
    WIZCHIP_WRITE_BUF                        0x00073ded   Thumb Code   108  w5500.o(i.WIZCHIP_WRITE_BUF)
    __0snprintf$8                            0x00073e5d   Thumb Code    44  printf8.o(i.__0snprintf$8)
    __1snprintf$8                            0x00073e5d   Thumb Code     0  printf8.o(i.__0snprintf$8)
    __2snprintf                              0x00073e5d   Thumb Code     0  printf8.o(i.__0snprintf$8)
    __scatterload_copy                       0x00073e8d   Thumb Code    14  handlers.o(i.__scatterload_copy)
    __scatterload_null                       0x00073e9b   Thumb Code     2  handlers.o(i.__scatterload_null)
    __scatterload_zeroinit                   0x00073e9d   Thumb Code    14  handlers.o(i.__scatterload_zeroinit)
    app_error_fault_handler                  0x00074325   Thumb Code    30  app_error_weak.o(i.app_error_fault_handler)
    app_error_handler                        0x0007435d   Thumb Code    24  app_error.o(i.app_error_handler)
    app_error_save_and_stop                  0x00074375   Thumb Code    96  app_error.o(i.app_error_save_and_stop)
    application_update                       0x000743d9   Thumb Code    34  nrf_dfu_tftp.o(i.application_update)
    close                                    0x00074535   Thumb Code   102  socket.o(i.close)
    crc32_compute                            0x00074651   Thumb Code    54  crc32.o(i.crc32_compute)
    ctlnetwork                               0x0007468d   Thumb Code    76  wizchip_conf.o(i.ctlnetwork)
    ctlwizchip                               0x000746d9   Thumb Code   226  wizchip_conf.o(i.ctlwizchip)
    fs_erase                                 0x00074825   Thumb Code   110  fstorage.o(i.fs_erase)
    fs_queue_is_full                         0x000748f5   Thumb Code    16  fstorage.o(i.fs_queue_is_full)
    fs_store                                 0x00074909   Thumb Code   124  fstorage.o(i.fs_store)
    getSn_RX_RSR                             0x00074989   Thumb Code    76  w5500.o(i.getSn_RX_RSR)
    getSn_TX_FSR                             0x000749d5   Thumb Code    76  w5500.o(i.getSn_TX_FSR)
    getsockopt                               0x00074a21   Thumb Code   260  socket.o(i.getsockopt)
    htonl                                    0x00074b2d   Thumb Code     4  netutil.o(i.htonl)
    htons                                    0x00074b31   Thumb Code     4  netutil.o(i.htons)
    intern_softdevice_events_execute         0x00074b61   Thumb Code   122  softdevice_handler.o(i.intern_softdevice_events_execute)
    main                                     0x00074dbd   Thumb Code    62  main.o(i.main)
    network_init                             0x00074e29   Thumb Code   164  user_ethernet.o(i.network_init)
    nrf_bootloader_app_start                 0x00074f8d   Thumb Code    82  nrf_bootloader_app_start.o(i.nrf_bootloader_app_start)
    nrf_bootloader_init                      0x000750d9   Thumb Code    30  nrf_bootloader.o(i.nrf_bootloader_init)
    nrf_dfu_app_is_valid                     0x0007547d   Thumb Code    70  nrf_dfu_tftp_utils.o(i.nrf_dfu_app_is_valid)
    nrf_dfu_continue                         0x0007564d   Thumb Code    60  nrf_dfu_tftp_utils.o(i.nrf_dfu_continue)
    nrf_dfu_enter_check                      0x000757f1   Thumb Code    54  nrf_dfu_tftp.o(i.nrf_dfu_enter_check)
    nrf_dfu_flash_erase                      0x00075831   Thumb Code   178  nrf_dfu_flash.o(i.nrf_dfu_flash_erase)
    nrf_dfu_flash_store                      0x0007596d   Thumb Code   160  nrf_dfu_flash.o(i.nrf_dfu_flash_store)
    nrf_dfu_init                             0x00075a7d   Thumb Code   128  nrf_dfu_tftp.o(i.nrf_dfu_init)
    nrf_dfu_mbr_compare                      0x00075bed   Thumb Code    24  nrf_dfu_mbr.o(i.nrf_dfu_mbr_compare)
    nrf_dfu_mbr_copy_bl                      0x00075c09   Thumb Code    22  nrf_dfu_mbr.o(i.nrf_dfu_mbr_copy_bl)
    nrf_dfu_mbr_copy_sd                      0x00075c21   Thumb Code    32  nrf_dfu_mbr.o(i.nrf_dfu_mbr_copy_sd)
    nrf_dfu_mbr_init_sd                      0x00075c45   Thumb Code    18  nrf_dfu_mbr.o(i.nrf_dfu_mbr_init_sd)
    nrf_dfu_settings_calculate_crc           0x00075f2d   Thumb Code    10  nrf_dfu_tftp_settings.o(i.nrf_dfu_settings_calculate_crc)
    nrf_dfu_settings_init                    0x00075f3d   Thumb Code    92  nrf_dfu_tftp_settings.o(i.nrf_dfu_settings_init)
    nrf_dfu_settings_write                   0x00075fd5   Thumb Code   152  nrf_dfu_tftp_settings.o(i.nrf_dfu_settings_write)
    nrf_drv_clock_on_soc_event               0x00076175   Thumb Code    10  nrf_drv_clock.o(i.nrf_drv_clock_on_soc_event)
    nrf_drv_common_irq_enable                0x00076195   Thumb Code    56  nrf_drv_common.o(i.nrf_drv_common_irq_enable)
    nrf_drv_spi_init                         0x000761f5   Thumb Code   278  nrf_drv_spi.o(i.nrf_drv_spi_init)
    nrf_drv_spi_transfer                     0x00076311   Thumb Code    28  nrf_drv_spi.o(i.nrf_drv_spi_transfer)
    nrf_drv_spi_xfer                         0x0007632d   Thumb Code    86  nrf_drv_spi.o(i.nrf_drv_spi_xfer)
    nrf_drv_uart_init                        0x00076389   Thumb Code    98  nrf_drv_uart.o(i.nrf_drv_uart_init)
    nrf_drv_uart_tx                          0x000763f1   Thumb Code   262  nrf_drv_uart.o(i.nrf_drv_uart_tx)
    nrf_drv_uart_tx_in_progress              0x000764fd   Thumb Code    18  nrf_drv_uart.o(i.nrf_drv_uart_tx_in_progress)
    nrf_drv_uart_uninit                      0x00076515   Thumb Code    74  nrf_drv_uart.o(i.nrf_drv_uart_uninit)
    nrf_log_backend_hexdump_handler_get      0x00076679   Thumb Code     4  nrf_log_backend_serial.o(i.nrf_log_backend_hexdump_handler_get)
    nrf_log_backend_init                     0x00076681   Thumb Code   100  nrf_log_backend_serial.o(i.nrf_log_backend_init)
    nrf_log_backend_std_handler_get          0x00076935   Thumb Code     4  nrf_log_backend_serial.o(i.nrf_log_backend_std_handler_get)
    nrf_log_frontend_std_0                   0x00076955   Thumb Code     8  nrf_log_frontend.o(i.nrf_log_frontend_std_0)
    nrf_log_frontend_std_1                   0x0007695d   Thumb Code    14  nrf_log_frontend.o(i.nrf_log_frontend_std_1)
    nrf_log_frontend_std_2                   0x0007696b   Thumb Code    16  nrf_log_frontend.o(i.nrf_log_frontend_std_2)
    nrf_log_frontend_std_3                   0x0007697b   Thumb Code    18  nrf_log_frontend.o(i.nrf_log_frontend_std_3)
    nrf_log_frontend_std_4                   0x0007698d   Thumb Code    20  nrf_log_frontend.o(i.nrf_log_frontend_std_4)
    nrf_log_frontend_std_5                   0x000769a1   Thumb Code    28  nrf_log_frontend.o(i.nrf_log_frontend_std_5)
    nrf_log_frontend_std_6                   0x000769bd   Thumb Code    28  nrf_log_frontend.o(i.nrf_log_frontend_std_6)
    nrf_log_handlers_set                     0x000769d9   Thumb Code     8  nrf_log_frontend.o(i.nrf_log_handlers_set)
    nrf_log_init                             0x000769e5   Thumb Code    34  nrf_log_frontend.o(i.nrf_log_init)
    nrf_nvmc_page_erase                      0x00076a09   Thumb Code    38  nrf_nvmc.o(i.nrf_nvmc_page_erase)
    nrf_nvmc_write_words                     0x00076a39   Thumb Code    52  nrf_nvmc.o(i.nrf_nvmc_write_words)
    ntohl                                    0x00076ab7   Thumb Code     4  netutil.o(i.ntohl)
    ntohs                                    0x00076abb   Thumb Code     4  netutil.o(i.ntohs)
    recvfrom                                 0x00077101   Thumb Code   444  socket.o(i.recvfrom)
    reg_wizchip_cs_cbfunc                    0x000772c5   Thumb Code    22  wizchip_conf.o(i.reg_wizchip_cs_cbfunc)
    reg_wizchip_spi_cbfunc                   0x000772e9   Thumb Code    30  wizchip_conf.o(i.reg_wizchip_spi_cbfunc)
    sendto                                   0x000775ad   Thumb Code   346  socket.o(i.sendto)
    socket                                   0x00077785   Thumb Code   250  socket.o(i.socket)
    swapl                                    0x0007793b   Thumb Code    24  netutil.o(i.swapl)
    swaps                                    0x00077953   Thumb Code    10  netutil.o(i.swaps)
    user_ethernet_init                       0x00077da9   Thumb Code   202  user_ethernet.o(i.user_ethernet_init)
    wiz_recv_data                            0x00077f49   Thumb Code    96  w5500.o(i.wiz_recv_data)
    wiz_recv_ignore                          0x00077fa9   Thumb Code    66  w5500.o(i.wiz_recv_ignore)
    wiz_send_data                            0x00077feb   Thumb Code    96  w5500.o(i.wiz_send_data)
    wizchip_bus_readbyte                     0x0007804b   Thumb Code     4  wizchip_conf.o(i.wizchip_bus_readbyte)
    wizchip_bus_writebyte                    0x0007804f   Thumb Code     4  wizchip_conf.o(i.wizchip_bus_writebyte)
    wizchip_clrinterrupt                     0x00078053   Thumb Code    30  wizchip_conf.o(i.wizchip_clrinterrupt)
    wizchip_cris_enter                       0x00078071   Thumb Code     2  wizchip_conf.o(i.wizchip_cris_enter)
    wizchip_cris_exit                        0x00078073   Thumb Code     2  wizchip_conf.o(i.wizchip_cris_exit)
    wizchip_cs_deselect                      0x00078075   Thumb Code     2  wizchip_conf.o(i.wizchip_cs_deselect)
    wizchip_cs_select                        0x00078077   Thumb Code     2  wizchip_conf.o(i.wizchip_cs_select)
    wizchip_deselect                         0x00078079   Thumb Code    14  user_ethernet.o(i.wizchip_deselect)
    wizchip_getinterrupt                     0x00078087   Thumb Code    30  wizchip_conf.o(i.wizchip_getinterrupt)
    wizchip_getinterruptmask                 0x000780a5   Thumb Code    28  wizchip_conf.o(i.wizchip_getinterruptmask)
    wizchip_getnetinfo                       0x000780c1   Thumb Code    82  wizchip_conf.o(i.wizchip_getnetinfo)
    wizchip_getnetmode                       0x00078119   Thumb Code     6  wizchip_conf.o(i.wizchip_getnetmode)
    wizchip_gettimeout                       0x0007811f   Thumb Code    40  wizchip_conf.o(i.wizchip_gettimeout)
    wizchip_init                             0x00078147   Thumb Code   122  wizchip_conf.o(i.wizchip_init)
    wizchip_read                             0x000781c1   Thumb Code    40  user_ethernet.o(i.wizchip_read)
    wizchip_select                           0x00078205   Thumb Code    14  user_ethernet.o(i.wizchip_select)
    wizchip_setinterruptmask                 0x00078213   Thumb Code    28  wizchip_conf.o(i.wizchip_setinterruptmask)
    wizchip_setnetinfo                       0x00078231   Thumb Code    82  wizchip_conf.o(i.wizchip_setnetinfo)
    wizchip_setnetmode                       0x00078289   Thumb Code    36  wizchip_conf.o(i.wizchip_setnetmode)
    wizchip_settimeout                       0x000782ad   Thumb Code    40  wizchip_conf.o(i.wizchip_settimeout)
    wizchip_spi_readbyte                     0x000782d5   Thumb Code     4  wizchip_conf.o(i.wizchip_spi_readbyte)
    wizchip_spi_writebyte                    0x000782d9   Thumb Code     2  wizchip_conf.o(i.wizchip_spi_writebyte)
    wizchip_sw_reset                         0x000782db   Thumb Code   116  wizchip_conf.o(i.wizchip_sw_reset)
    wizchip_write                            0x00078351   Thumb Code    34  user_ethernet.o(i.wizchip_write)
    wizphy_getphyconf                        0x00078391   Thumb Code    78  wizchip_conf.o(i.wizphy_getphyconf)
    wizphy_getphylink                        0x000783df   Thumb Code    18  wizchip_conf.o(i.wizphy_getphylink)
    wizphy_getphypmode                       0x000783f1   Thumb Code    24  wizchip_conf.o(i.wizphy_getphypmode)
    wizphy_reset                             0x00078409   Thumb Code    42  wizchip_conf.o(i.wizphy_reset)
    wizphy_setphyconf                        0x00078433   Thumb Code    74  wizchip_conf.o(i.wizphy_setphyconf)
    wizphy_setphypmode                       0x0007847d   Thumb Code    80  wizchip_conf.o(i.wizphy_setphypmode)
    __ctype_table                            0x00078568   Data         129  ctype_o.o(.constdata)
    Region$$Table$$Base                      0x000788d4   Number         0  anon$$obj.o(Region$$Table)
    Region$$Table$$Limit                     0x000788f4   Number         0  anon$$obj.o(Region$$Table)
    m_mbr_params_page                        0x0007e000   Data        4096  nrf_dfu_tftp_settings.o(.ARM.__AT_0x0007E000)
    m_dfu_settings_buffer                    0x0007f000   Data        4096  nrf_dfu_tftp_settings.o(.ARM.__AT_0x0007F000)
    m_uicr_bootloader_start_address          0x10001014   Data           4  nrf_bootloader_info.o(.ARM.__AT_0x10001014)
    m_uicr_mbr_params_page_address           0x10001018   Data           4  nrf_dfu_tftp_settings.o(.ARM.__AT_0x10001018)
    UICR_ADDR_0x20C                          0x1000120c   Data           4  main.o(.ARM.__AT_0x1000120C)
    Image$$RW_IRAM1$$Base                    0x20002c00   Number         0  anon$$obj.o ABSOLUTE
    targetIP                                 0x20002c04   Data           4  nrf_dfu_tftp.o(.data)
    WIZCHIP                                  0x20002c5c   Data          40  wizchip_conf.o(.data)
    g_progress_state                         0x20002c94   Data           1  tftp.o(.data)
    gWIZNETINFO                              0x20002cc4   Data          23  user_ethernet.o(.data)
    SystemCoreClock                          0x20002cdc   Data           4  system_nrf52.o(.data)
    fs_data$$Base                            0x20002ce0   Number         0  nrf_dfu_flash.o(fs_data)
    fs_data$$Limit                           0x20002cf0   Number         0  nrf_dfu_flash.o(fs_data)
    g_socket_rcv_buf                         0x20002cf0   Data        1514  nrf_dfu_tftp.o(.bss)
    s_dfu_settings                           0x20003438   Data         348  nrf_dfu_tftp_settings.o(.bss)
    __initial_sp                             0x20006808   Data           0  arm_startup_nrf52.o(STACK)



==============================================================================

Memory Map of the image

  Image Entry point : 0x00073401

  Load Region LR_IROM1 (Base: 0x00073000, Size: 0x000059e4, Max: 0x0000b000, ABSOLUTE)

    Execution Region ER_IROM1 (Base: 0x00073000, Size: 0x000058f4, Max: 0x0000b000, ABSOLUTE)

    Base Addr    Size         Type   Attr      Idx    E Section Name        Object

    0x00073000   0x00000400   Data   RO         4020    RESET               arm_startup_nrf52.o
    0x00073400   0x00000000   Code   RO         4065  * .ARM.Collect$$$$00000000  mc_w.l(entry.o)
    0x00073400   0x00000004   Code   RO         4377    .ARM.Collect$$$$00000001  mc_w.l(entry2.o)
    0x00073404   0x00000004   Code   RO         4380    .ARM.Collect$$$$00000004  mc_w.l(entry5.o)
    0x00073408   0x00000000   Code   RO         4382    .ARM.Collect$$$$00000008  mc_w.l(entry7b.o)
    0x00073408   0x00000000   Code   RO         4384    .ARM.Collect$$$$0000000A  mc_w.l(entry8b.o)
    0x00073408   0x00000008   Code   RO         4385    .ARM.Collect$$$$0000000B  mc_w.l(entry9a.o)
    0x00073410   0x00000000   Code   RO         4387    .ARM.Collect$$$$0000000D  mc_w.l(entry10a.o)
    0x00073410   0x00000000   Code   RO         4389    .ARM.Collect$$$$0000000F  mc_w.l(entry11a.o)
    0x00073410   0x00000004   Code   RO         4378    .ARM.Collect$$$$00002712  mc_w.l(entry2.o)
    0x00073414   0x00000034   Code   RO          528    .emb_text           nrf_bootloader_app_start.o
    0x00073448   0x00000024   Code   RO         4021    .text               arm_startup_nrf52.o
    0x0007346c   0x0000001e   Code   RO         4068    .text               mc_w.l(llshl.o)
    0x0007348a   0x00000002   PAD
    0x0007348c   0x00000008   Code   RO         4070    .text               mc_w.l(ctype_o.o)
    0x00073494   0x00000024   Code   RO         4098    .text               mc_w.l(memcpya.o)
    0x000734b8   0x00000024   Code   RO         4100    .text               mc_w.l(memseta.o)
    0x000734dc   0x0000000e   Code   RO         4102    .text               mc_w.l(strlen.o)
    0x000734ea   0x00000012   Code   RO         4104    .text               mc_w.l(strcpy.o)
    0x000734fc   0x00000062   Code   RO         4396    .text               mc_w.l(uldiv.o)
    0x0007355e   0x00000002   PAD
    0x00073560   0x00000024   Code   RO         4418    .text               mc_w.l(init.o)
    0x00073584   0x00000020   Code   RO         4421    .text               mc_w.l(llushr.o)
    0x000735a4   0x00000174   Code   RO         1447    i.GPIOTE_IRQHandler  nrf_drv_gpiote.o
    0x00073718   0x00000016   Code   RO         1972    i.NVIC_ClearPendingIRQ  app_timer.o
    0x0007372e   0x00000016   Code   RO         1973    i.NVIC_EnableIRQ    app_timer.o
    0x00073744   0x00000016   Code   RO         1974    i.NVIC_SetPendingIRQ  app_timer.o
    0x0007375a   0x00000002   PAD
    0x0007375c   0x00000058   Code   RO         1690    i.POWER_CLOCK_IRQHandler  nrf_drv_clock.o
    0x000737b4   0x00000024   Code   RO         1976    i.RTC1_IRQHandler   app_timer.o
    0x000737d8   0x00000048   Code   RO         1048    i.SPIM0_SPIS0_TWIM0_TWIS0_SPI0_TWI0_IRQHandler  nrf_drv_spi.o
    0x00073820   0x00000004   Code   RO         1977    i.SWI0_EGU0_IRQHandler  app_timer.o
    0x00073824   0x00000030   Code   RO         2991    i.SWI2_EGU2_IRQHandler  softdevice_handler.o
    0x00073854   0x0000029c   Code   RO         4029    i.SystemInit        system_nrf52.o
    0x00073af0   0x0000007c   Code   RO         3819    i.TFTP_init         tftp.o
    0x00073b6c   0x00000070   Code   RO         3820    i.TFTP_read_request  tftp.o
    0x00073bdc   0x000000c8   Code   RO         3821    i.TFTP_run          tftp.o
    0x00073ca4   0x0000001c   Code   RO         1219    i.UARTE0_UART0_IRQHandler  nrf_drv_uart.o
    0x00073cc0   0x00000058   Code   RO         3383    i.WIZCHIP_READ      w5500.o
    0x00073d18   0x00000074   Code   RO         3384    i.WIZCHIP_READ_BUF  w5500.o
    0x00073d8c   0x00000060   Code   RO         3385    i.WIZCHIP_WRITE     w5500.o
    0x00073dec   0x00000070   Code   RO         3386    i.WIZCHIP_WRITE_BUF  w5500.o
    0x00073e5c   0x00000030   Code   RO         4322    i.__0snprintf$8     mc_w.l(printf8.o)
    0x00073e8c   0x0000000e   Code   RO         4432    i.__scatterload_copy  mc_w.l(handlers.o)
    0x00073e9a   0x00000002   Code   RO         4433    i.__scatterload_null  mc_w.l(handlers.o)
    0x00073e9c   0x0000000e   Code   RO         4434    i.__scatterload_zeroinit  mc_w.l(handlers.o)
    0x00073eaa   0x00000002   PAD
    0x00073eac   0x00000410   Code   RO         4328    i._printf_core      mc_w.l(printf8.o)
    0x000742bc   0x00000024   Code   RO         4329    i._printf_post_padding  mc_w.l(printf8.o)
    0x000742e0   0x0000002e   Code   RO         4330    i._printf_pre_padding  mc_w.l(printf8.o)
    0x0007430e   0x00000016   Code   RO         4331    i._snputc           mc_w.l(printf8.o)
    0x00074324   0x00000038   Code   RO         1894    i.app_error_fault_handler  app_error_weak.o
    0x0007435c   0x00000018   Code   RO         1854    i.app_error_handler  app_error.o
    0x00074374   0x00000064   Code   RO         1856    i.app_error_save_and_stop  app_error.o
    0x000743d8   0x00000038   Code   RO          766    i.application_update  nrf_dfu_tftp.o
    0x00074410   0x000000b8   Code   RO         1220    i.apply_config      nrf_drv_uart.o
    0x000744c8   0x00000012   Code   RO         2606    i.buf_len_update    nrf_log_backend_serial.o
    0x000744da   0x00000002   PAD
    0x000744dc   0x00000010   Code   RO         1450    i.channel_port_get  nrf_drv_gpiote.o
    0x000744ec   0x00000020   Code   RO         2180    i.check_config      fstorage.o
    0x0007450c   0x00000028   Code   RO         1691    i.clock_clk_started_notify  nrf_drv_clock.o
    0x00074534   0x00000070   Code   RO         3668    i.close             socket.o
    0x000745a4   0x000000ac   Code   RO         1985    i.compare_reg_update  app_timer.o
    0x00074650   0x0000003c   Code   RO         2582    i.crc32_compute     crc32.o
    0x0007468c   0x0000004c   Code   RO         3447    i.ctlnetwork        wizchip_conf.o
    0x000746d8   0x000000e8   Code   RO         3448    i.ctlwizchip        wizchip_conf.o
    0x000747c0   0x0000000c   Code   RO          917    i.delay_operation   nrf_dfu_tftp_settings.o
    0x000747cc   0x00000018   Code   RO          918    i.dfu_settings_write_callback  nrf_dfu_tftp_settings.o
    0x000747e4   0x00000040   Code   RO         1986    i.elapsed_ticks_acquire  app_timer.o
    0x00074824   0x00000074   Code   RO         2181    i.fs_erase          fstorage.o
    0x00074898   0x0000005c   Code   RO          580    i.fs_evt_handler    nrf_dfu_flash.o
    0x000748f4   0x00000014   Code   RO         2185    i.fs_queue_is_full  fstorage.o
    0x00074908   0x00000080   Code   RO         2187    i.fs_store          fstorage.o
    0x00074988   0x0000004c   Code   RO         3387    i.getSn_RX_RSR      w5500.o
    0x000749d4   0x0000004c   Code   RO         3388    i.getSn_TX_FSR      w5500.o
    0x00074a20   0x0000010c   Code   RO         3672    i.getsockopt        socket.o
    0x00074b2c   0x00000004   Code   RO         3752    i.htonl             netutil.o
    0x00074b30   0x00000004   Code   RO         3753    i.htons             netutil.o
    0x00074b34   0x0000002c   Code   RO         3822    i.init_tftp         tftp.o
    0x00074b60   0x00000084   Code   RO         2993    i.intern_softdevice_events_execute  softdevice_handler.o
    0x00074be4   0x00000078   Code   RO         1221    i.interrupts_enable  nrf_drv_uart.o
    0x00074c5c   0x000000a8   Code   RO         1987    i.list_deletions_handler  app_timer.o
    0x00074d04   0x000000b8   Code   RO         1988    i.list_insertions_handler  app_timer.o
    0x00074dbc   0x0000006c   Code   RO            5    i.main              main.o
    0x00074e28   0x00000154   Code   RO         3942    i.network_init      user_ethernet.o
    0x00074f7c   0x00000010   Code   RO         1451    i.nrf_bitmask_bit_is_set  nrf_drv_gpiote.o
    0x00074f8c   0x0000014c   Code   RO          529    i.nrf_bootloader_app_start  nrf_bootloader_app_start.o
    0x000750d8   0x00000064   Code   RO          492    i.nrf_bootloader_init  nrf_bootloader.o
    0x0007513c   0x0000000e   Code   RO         1695    i.nrf_clock_event_check  nrf_drv_clock.o
    0x0007514a   0x00000010   Code   RO         1696    i.nrf_clock_event_clear  nrf_drv_clock.o
    0x0007515a   0x00000002   PAD
    0x0007515c   0x0000008c   Code   RO          919    i.nrf_delay_us      nrf_dfu_tftp_settings.o
    0x000751e8   0x0000008c   Code   RO         1989    i.nrf_delay_us      app_timer.o
    0x00075274   0x0000008c   Code   RO         3823    i.nrf_delay_us      tftp.o
    0x00075300   0x0000017c   Code   RO          840    i.nrf_dfu_app_continue  nrf_dfu_tftp_utils.o
    0x0007547c   0x000000d8   Code   RO          841    i.nrf_dfu_app_is_valid  nrf_dfu_tftp_utils.o
    0x00075554   0x000000f8   Code   RO          842    i.nrf_dfu_bl_continue  nrf_dfu_tftp_utils.o
    0x0007564c   0x00000060   Code   RO          843    i.nrf_dfu_continue  nrf_dfu_tftp_utils.o
    0x000756ac   0x00000144   Code   RO          844    i.nrf_dfu_continue_bank  nrf_dfu_tftp_utils.o
    0x000757f0   0x00000040   Code   RO          767    i.nrf_dfu_enter_check  nrf_dfu_tftp.o
    0x00075830   0x0000013c   Code   RO          581    i.nrf_dfu_flash_erase  nrf_dfu_flash.o
    0x0007596c   0x00000110   Code   RO          584    i.nrf_dfu_flash_store  nrf_dfu_flash.o
    0x00075a7c   0x00000158   Code   RO          768    i.nrf_dfu_init      nrf_dfu_tftp.o
    0x00075bd4   0x00000018   Code   RO          846    i.nrf_dfu_invalidate_bank  nrf_dfu_tftp_utils.o
    0x00075bec   0x0000001c   Code   RO          680    i.nrf_dfu_mbr_compare  nrf_dfu_mbr.o
    0x00075c08   0x00000016   Code   RO          681    i.nrf_dfu_mbr_copy_bl  nrf_dfu_mbr.o
    0x00075c1e   0x00000002   PAD
    0x00075c20   0x00000024   Code   RO          682    i.nrf_dfu_mbr_copy_sd  nrf_dfu_mbr.o
    0x00075c44   0x00000018   Code   RO          683    i.nrf_dfu_mbr_init_sd  nrf_dfu_mbr.o
    0x00075c5c   0x000000a0   Code   RO          847    i.nrf_dfu_sd_bl_continue  nrf_dfu_tftp_utils.o
    0x00075cfc   0x00000230   Code   RO          848    i.nrf_dfu_sd_continue_impl  nrf_dfu_tftp_utils.o
    0x00075f2c   0x00000010   Code   RO          920    i.nrf_dfu_settings_calculate_crc  nrf_dfu_tftp_settings.o
    0x00075f3c   0x00000098   Code   RO          921    i.nrf_dfu_settings_init  nrf_dfu_tftp_settings.o
    0x00075fd4   0x000001a0   Code   RO          922    i.nrf_dfu_settings_write  nrf_dfu_tftp_settings.o
    0x00076174   0x0000000a   Code   RO         1711    i.nrf_drv_clock_on_soc_event  nrf_drv_clock.o
    0x0007617e   0x00000016   Code   RO         1222    i.nrf_drv_common_irq_disable  nrf_drv_uart.o
    0x00076194   0x00000038   Code   RO          994    i.nrf_drv_common_irq_enable  nrf_drv_common.o
    0x000761cc   0x00000006   Code   RO         1223    i.nrf_drv_get_IRQn  nrf_drv_uart.o
    0x000761d2   0x00000010   Code   RO         1049    i.nrf_drv_is_in_RAM  nrf_drv_spi.o
    0x000761e2   0x00000010   Code   RO         1224    i.nrf_drv_is_in_RAM  nrf_drv_uart.o
    0x000761f2   0x00000002   PAD
    0x000761f4   0x0000011c   Code   RO         1051    i.nrf_drv_spi_init  nrf_drv_spi.o
    0x00076310   0x0000001c   Code   RO         1053    i.nrf_drv_spi_transfer  nrf_drv_spi.o
    0x0007632c   0x0000005c   Code   RO         1055    i.nrf_drv_spi_xfer  nrf_drv_spi.o
    0x00076388   0x00000068   Code   RO         1226    i.nrf_drv_uart_init  nrf_drv_uart.o
    0x000763f0   0x0000010c   Code   RO         1233    i.nrf_drv_uart_tx   nrf_drv_uart.o
    0x000764fc   0x00000018   Code   RO         1235    i.nrf_drv_uart_tx_in_progress  nrf_drv_uart.o
    0x00076514   0x00000054   Code   RO         1236    i.nrf_drv_uart_uninit  nrf_drv_uart.o
    0x00076568   0x00000024   Code   RO         1056    i.nrf_gpio_cfg      nrf_drv_spi.o
    0x0007658c   0x00000024   Code   RO         1237    i.nrf_gpio_cfg      nrf_drv_uart.o
    0x000765b0   0x00000012   Code   RO         1238    i.nrf_gpio_cfg_default  nrf_drv_uart.o
    0x000765c2   0x00000012   Code   RO         1239    i.nrf_gpio_cfg_input  nrf_drv_uart.o
    0x000765d4   0x00000014   Code   RO         1057    i.nrf_gpio_cfg_output  nrf_drv_spi.o
    0x000765e8   0x00000014   Code   RO         1240    i.nrf_gpio_cfg_output  nrf_drv_uart.o
    0x000765fc   0x00000022   Code   RO         1477    i.nrf_gpio_cfg_sense_set  nrf_drv_gpiote.o
    0x0007661e   0x0000000e   Code   RO         1058    i.nrf_gpio_pin_set  nrf_drv_spi.o
    0x0007662c   0x00000028   Code   RO         1478    i.nrf_gpio_ports_read  nrf_drv_gpiote.o
    0x00076654   0x00000014   Code   RO         1479    i.nrf_gpiote_event_clear  nrf_drv_gpiote.o
    0x00076668   0x00000010   Code   RO         1480    i.nrf_gpiote_event_is_set  nrf_drv_gpiote.o
    0x00076678   0x00000008   Code   RO         2608    i.nrf_log_backend_hexdump_handler_get  nrf_log_backend_serial.o
    0x00076680   0x00000070   Code   RO         2609    i.nrf_log_backend_init  nrf_log_backend_serial.o
    0x000766f0   0x0000012e   Code   RO         2610    i.nrf_log_backend_serial_hexdump_handler  nrf_log_backend_serial.o
    0x0007681e   0x00000114   Code   RO         2611    i.nrf_log_backend_serial_std_handler  nrf_log_backend_serial.o
    0x00076932   0x00000002   PAD
    0x00076934   0x00000008   Code   RO         2612    i.nrf_log_backend_std_handler_get  nrf_log_backend_serial.o
    0x0007693c   0x00000018   Code   RO         2712    i.nrf_log_direct_feed  nrf_log_frontend.o
    0x00076954   0x00000008   Code   RO         2716    i.nrf_log_frontend_std_0  nrf_log_frontend.o
    0x0007695c   0x0000000e   Code   RO         2717    i.nrf_log_frontend_std_1  nrf_log_frontend.o
    0x0007696a   0x00000010   Code   RO         2718    i.nrf_log_frontend_std_2  nrf_log_frontend.o
    0x0007697a   0x00000012   Code   RO         2719    i.nrf_log_frontend_std_3  nrf_log_frontend.o
    0x0007698c   0x00000014   Code   RO         2720    i.nrf_log_frontend_std_4  nrf_log_frontend.o
    0x000769a0   0x0000001c   Code   RO         2721    i.nrf_log_frontend_std_5  nrf_log_frontend.o
    0x000769bc   0x0000001c   Code   RO         2722    i.nrf_log_frontend_std_6  nrf_log_frontend.o
    0x000769d8   0x0000000c   Code   RO         2724    i.nrf_log_handlers_set  nrf_log_frontend.o
    0x000769e4   0x00000022   Code   RO         2725    i.nrf_log_init      nrf_log_frontend.o
    0x00076a06   0x00000002   PAD
    0x00076a08   0x00000030   Code   RO         1171    i.nrf_nvmc_page_erase  nrf_nvmc.o
    0x00076a38   0x0000003c   Code   RO         1175    i.nrf_nvmc_write_words  nrf_nvmc.o
    0x00076a74   0x0000000a   Code   RO         1059    i.nrf_spim_event_check  nrf_drv_spi.o
    0x00076a7e   0x0000000a   Code   RO         1241    i.nrf_uart_event_check  nrf_drv_uart.o
    0x00076a88   0x0000000c   Code   RO         1242    i.nrf_uart_event_clear  nrf_drv_uart.o
    0x00076a94   0x0000000c   Code   RO         1243    i.nrf_uart_int_enable_check  nrf_drv_uart.o
    0x00076aa0   0x0000000a   Code   RO         1244    i.nrf_uarte_event_check  nrf_drv_uart.o
    0x00076aaa   0x0000000c   Code   RO         1245    i.nrf_uarte_event_clear  nrf_drv_uart.o
    0x00076ab6   0x00000004   Code   RO         3757    i.ntohl             netutil.o
    0x00076aba   0x00000004   Code   RO         3758    i.ntohs             netutil.o
    0x00076abe   0x00000002   PAD
    0x00076ac0   0x00000078   Code   RO         1246    i.pins_to_default   nrf_drv_uart.o
    0x00076b38   0x00000038   Code   RO         2191    i.queue_get_next_free  fstorage.o
    0x00076b70   0x00000070   Code   RO         2192    i.queue_process     fstorage.o
    0x00076be0   0x0000001c   Code   RO         2193    i.queue_start       fstorage.o
    0x00076bfc   0x000001a4   Code   RO         3824    i.recv_tftp_data    tftp.o
    0x00076da0   0x00000098   Code   RO         3825    i.recv_tftp_error   tftp.o
    0x00076e38   0x000001a0   Code   RO         3826    i.recv_tftp_packet  tftp.o
    0x00076fd8   0x00000128   Code   RO         3827    i.recv_udp_packet   tftp.o
    0x00077100   0x000001c4   Code   RO         3675    i.recvfrom          socket.o
    0x000772c4   0x00000024   Code   RO         3451    i.reg_wizchip_cs_cbfunc  wizchip_conf.o
    0x000772e8   0x0000002c   Code   RO         3452    i.reg_wizchip_spi_cbfunc  wizchip_conf.o
    0x00077314   0x0000003c   Code   RO         1990    i.rtc1_stop         app_timer.o
    0x00077350   0x00000032   Code   RO         1247    i.rx_byte           nrf_drv_uart.o
    0x00077382   0x00000018   Code   RO         1248    i.rx_done_event     nrf_drv_uart.o
    0x0007739a   0x0000004c   Code   RO         2194    i.send_event        fstorage.o
    0x000773e6   0x00000002   PAD
    0x000773e8   0x0000006c   Code   RO         3828    i.send_tftp_ack     tftp.o
    0x00077454   0x000000f4   Code   RO         3829    i.send_tftp_rrq     tftp.o
    0x00077548   0x00000064   Code   RO         3830    i.send_udp_packet   tftp.o
    0x000775ac   0x00000160   Code   RO         3677    i.sendto            socket.o
    0x0007770c   0x0000000c   Code   RO         2613    i.serial_is_busy    nrf_log_backend_serial.o
    0x00077718   0x0000002c   Code   RO         2614    i.serial_tx         nrf_log_backend_serial.o
    0x00077744   0x00000040   Code   RO         3831    i.set_server_ip     tftp.o
    0x00077784   0x00000104   Code   RO         3679    i.socket            socket.o
    0x00077888   0x000000b2   Code   RO         1060    i.spim_xfer         nrf_drv_spi.o
    0x0007793a   0x00000018   Code   RO         3759    i.swapl             netutil.o
    0x00077952   0x0000000a   Code   RO         3760    i.swaps             netutil.o
    0x0007795c   0x00000018   Code   RO         3832    i.tftp_cancel_timeout  tftp.o
    0x00077974   0x00000018   Code   RO         3833    i.tftp_reg_timeout  tftp.o
    0x0007798c   0x0000008c   Code   RO         1991    i.timer_list_handler  app_timer.o
    0x00077a18   0x0000003c   Code   RO         1992    i.timer_list_insert  app_timer.o
    0x00077a54   0x000000c4   Code   RO         1994    i.timer_timeouts_check  app_timer.o
    0x00077b18   0x00000034   Code   RO         2615    i.timestamp_process  nrf_log_backend_serial.o
    0x00077b4c   0x00000020   Code   RO         1250    i.tx_byte           nrf_drv_uart.o
    0x00077b6c   0x0000001c   Code   RO         1251    i.tx_done_event     nrf_drv_uart.o
    0x00077b88   0x00000010   Code   RO         2616    i.uart_event_handler  nrf_log_backend_serial.o
    0x00077b98   0x0000011e   Code   RO         1252    i.uart_irq_handler  nrf_drv_uart.o
    0x00077cb6   0x000000f0   Code   RO         1253    i.uarte_irq_handler  nrf_drv_uart.o
    0x00077da6   0x00000002   PAD
    0x00077da8   0x00000150   Code   RO         3943    i.user_ethernet_init  user_ethernet.o
    0x00077ef8   0x00000050   Code   RO          923    i.wait_for_queue    nrf_dfu_tftp_settings.o
    0x00077f48   0x00000060   Code   RO         3389    i.wiz_recv_data     w5500.o
    0x00077fa8   0x00000042   Code   RO         3390    i.wiz_recv_ignore   w5500.o
    0x00077fea   0x00000060   Code   RO         3391    i.wiz_send_data     w5500.o
    0x0007804a   0x00000004   Code   RO         3454    i.wizchip_bus_readbyte  wizchip_conf.o
    0x0007804e   0x00000004   Code   RO         3455    i.wizchip_bus_writebyte  wizchip_conf.o
    0x00078052   0x0000001e   Code   RO         3456    i.wizchip_clrinterrupt  wizchip_conf.o
    0x00078070   0x00000002   Code   RO         3457    i.wizchip_cris_enter  wizchip_conf.o
    0x00078072   0x00000002   Code   RO         3458    i.wizchip_cris_exit  wizchip_conf.o
    0x00078074   0x00000002   Code   RO         3459    i.wizchip_cs_deselect  wizchip_conf.o
    0x00078076   0x00000002   Code   RO         3460    i.wizchip_cs_select  wizchip_conf.o
    0x00078078   0x0000000e   Code   RO         3944    i.wizchip_deselect  user_ethernet.o
    0x00078086   0x0000001e   Code   RO         3461    i.wizchip_getinterrupt  wizchip_conf.o
    0x000780a4   0x0000001c   Code   RO         3462    i.wizchip_getinterruptmask  wizchip_conf.o
    0x000780c0   0x00000058   Code   RO         3463    i.wizchip_getnetinfo  wizchip_conf.o
    0x00078118   0x00000006   Code   RO         3464    i.wizchip_getnetmode  wizchip_conf.o
    0x0007811e   0x00000028   Code   RO         3465    i.wizchip_gettimeout  wizchip_conf.o
    0x00078146   0x0000007a   Code   RO         3466    i.wizchip_init      wizchip_conf.o
    0x000781c0   0x00000044   Code   RO         3945    i.wizchip_read      user_ethernet.o
    0x00078204   0x0000000e   Code   RO         3947    i.wizchip_select    user_ethernet.o
    0x00078212   0x0000001c   Code   RO         3467    i.wizchip_setinterruptmask  wizchip_conf.o
    0x0007822e   0x00000002   PAD
    0x00078230   0x00000058   Code   RO         3468    i.wizchip_setnetinfo  wizchip_conf.o
    0x00078288   0x00000024   Code   RO         3469    i.wizchip_setnetmode  wizchip_conf.o
    0x000782ac   0x00000028   Code   RO         3470    i.wizchip_settimeout  wizchip_conf.o
    0x000782d4   0x00000004   Code   RO         3472    i.wizchip_spi_readbyte  wizchip_conf.o
    0x000782d8   0x00000002   Code   RO         3474    i.wizchip_spi_writebyte  wizchip_conf.o
    0x000782da   0x00000074   Code   RO         3475    i.wizchip_sw_reset  wizchip_conf.o
    0x0007834e   0x00000002   PAD
    0x00078350   0x00000040   Code   RO         3948    i.wizchip_write     user_ethernet.o
    0x00078390   0x0000004e   Code   RO         3476    i.wizphy_getphyconf  wizchip_conf.o
    0x000783de   0x00000012   Code   RO         3477    i.wizphy_getphylink  wizchip_conf.o
    0x000783f0   0x00000018   Code   RO         3478    i.wizphy_getphypmode  wizchip_conf.o
    0x00078408   0x0000002a   Code   RO         3480    i.wizphy_reset      wizchip_conf.o
    0x00078432   0x0000004a   Code   RO         3481    i.wizphy_setphyconf  wizchip_conf.o
    0x0007847c   0x00000050   Code   RO         3482    i.wizphy_setphypmode  wizchip_conf.o
    0x000784cc   0x00000010   Data   RO          586    .constdata          nrf_dfu_flash.o
    0x000784dc   0x00000040   Data   RO          685    .constdata          nrf_dfu_mbr.o
    0x0007851c   0x00000004   Data   RO         1484    .constdata          nrf_drv_gpiote.o
    0x00078520   0x00000020   Data   RO         2619    .constdata          nrf_log_backend_serial.o
    0x00078540   0x00000028   Data   RO         3950    .constdata          user_ethernet.o
    0x00078568   0x00000081   Data   RO         4071    .constdata          mc_w.l(ctype_o.o)
    0x000785e9   0x00000003   PAD
    0x000785ec   0x00000004   Data   RO         4072    .constdata          mc_w.l(ctype_o.o)
    0x000785f0   0x00000042   Data   RO          770    .conststring        nrf_dfu_tftp.o
    0x00078632   0x00000002   PAD
    0x00078634   0x000001af   Data   RO          849    .conststring        nrf_dfu_tftp_utils.o
    0x000787e3   0x00000001   PAD
    0x000787e4   0x0000008f   Data   RO          928    .conststring        nrf_dfu_tftp_settings.o
    0x00078873   0x00000001   PAD
    0x00078874   0x00000054   Data   RO         3008    .conststring        softdevice_handler.o
    0x000788c8   0x0000000c   Data   RO         3836    .conststring        tftp.o
    0x000788d4   0x00000020   Data   RO         4430    Region$$Table       anon$$obj.o


    Execution Region RW_IRAM1 (Base: 0x20002c00, Size: 0x00003c08, Max: 0x0000d380, ABSOLUTE)

    Base Addr    Size         Type   Attr      Idx    E Section Name        Object

    0x20002c00   0x00000004   Data   RW          587    .data               nrf_dfu_flash.o
    0x20002c04   0x00000004   Data   RW          772    .data               nrf_dfu_tftp.o
    0x20002c08   0x00000008   Data   RW          929    .data               nrf_dfu_tftp_settings.o
    0x20002c10   0x00000020   Data   RW         1996    .data               app_timer.o
    0x20002c30   0x00000002   Data   RW         2196    .data               fstorage.o
    0x20002c32   0x00000002   PAD
    0x20002c34   0x0000000c   Data   RW         2620    .data               nrf_log_backend_serial.o
    0x20002c40   0x00000014   Data   RW         3009    .data               softdevice_handler.o
    0x20002c54   0x00000030   Data   RW         3483    .data               wizchip_conf.o
    0x20002c84   0x0000000e   Data   RW         3681    .data               socket.o
    0x20002c92   0x00000002   PAD
    0x20002c94   0x00000030   Data   RW         3837    .data               tftp.o
    0x20002cc4   0x00000017   Data   RW         3951    .data               user_ethernet.o
    0x20002cdb   0x00000001   PAD
    0x20002cdc   0x00000004   Data   RW         4030    .data               system_nrf52.o
    0x20002ce0   0x00000010   Data   RW          588    fs_data             nrf_dfu_flash.o
    0x20002cf0   0x000005ea   Zero   RW          769    .bss                nrf_dfu_tftp.o
    0x200032da   0x00000002   PAD
    0x200032dc   0x000002b8   Zero   RW          927    .bss                nrf_dfu_tftp_settings.o
    0x20003594   0x00000020   Zero   RW         1061    .bss                nrf_drv_spi.o
    0x200035b4   0x00000020   Zero   RW         1254    .bss                nrf_drv_uart.o
    0x200035d4   0x00000058   Zero   RW         1483    .bss                nrf_drv_gpiote.o
    0x2000362c   0x00000014   Zero   RW         1713    .bss                nrf_drv_clock.o
    0x20003640   0x00000020   Zero   RW         1857    .bss                app_error.o
    0x20003660   0x00000068   Zero   RW         2195    .bss                fstorage.o
    0x200036c8   0x00000100   Zero   RW         2617    .bss                nrf_log_backend_serial.o
    0x200037c8   0x0000001c   Zero   RW         2727    .bss                nrf_log_frontend.o
    0x200037e4   0x00000010   Zero   RW         3680    .bss                socket.o
    0x200037f4   0x00001014   Zero   RW         3835    .bss                tftp.o
    0x20004808   0x00002000   Zero   RW         4018    STACK               arm_startup_nrf52.o



  Load Region LR$$.ARM.__AT_0x0007E000 (Base: 0x0007e000, Size: 0x00000000, Max: 0x00001000, ABSOLUTE)

    Execution Region ER$$.ARM.__AT_0x0007E000 (Base: 0x0007e000, Size: 0x00001000, Max: 0x00001000, ABSOLUTE, UNINIT)

    Base Addr    Size         Type   Attr      Idx    E Section Name        Object

    0x0007e000   0x00001000   Zero   RW          924    .ARM.__AT_0x0007E000  nrf_dfu_tftp_settings.o



  Load Region LR$$.ARM.__AT_0x0007F000 (Base: 0x0007f000, Size: 0x00000000, Max: 0x00001000, ABSOLUTE)

    Execution Region ER$$.ARM.__AT_0x0007F000 (Base: 0x0007f000, Size: 0x00001000, Max: 0x00001000, ABSOLUTE, UNINIT)

    Base Addr    Size         Type   Attr      Idx    E Section Name        Object

    0x0007f000   0x00001000   Zero   RW          925    .ARM.__AT_0x0007F000  nrf_dfu_tftp_settings.o



  Load Region LR$$.ARM.__AT_0x10001014 (Base: 0x10001014, Size: 0x00000004, Max: 0x00000004, ABSOLUTE)

    Execution Region ER$$.ARM.__AT_0x10001014 (Base: 0x10001014, Size: 0x00000004, Max: 0x00000004, ABSOLUTE, UNINIT)

    Base Addr    Size         Type   Attr      Idx    E Section Name        Object

    0x10001014   0x00000004   Data   RW          559    .ARM.__AT_0x10001014  nrf_bootloader_info.o



  Load Region LR$$.ARM.__AT_0x10001018 (Base: 0x10001018, Size: 0x00000004, Max: 0x00000004, ABSOLUTE)

    Execution Region ER$$.ARM.__AT_0x10001018 (Base: 0x10001018, Size: 0x00000004, Max: 0x00000004, ABSOLUTE, UNINIT)

    Base Addr    Size         Type   Attr      Idx    E Section Name        Object

    0x10001018   0x00000004   Data   RW          926    .ARM.__AT_0x10001018  nrf_dfu_tftp_settings.o



  Load Region LR$$.ARM.__AT_0x1000120C (Base: 0x1000120c, Size: 0x00000004, Max: 0x00000004, ABSOLUTE)

    Execution Region ER$$.ARM.__AT_0x1000120C (Base: 0x1000120c, Size: 0x00000004, Max: 0x00000004, ABSOLUTE, UNINIT)

    Base Addr    Size         Type   Attr      Idx    E Section Name        Object

    0x1000120c   0x00000004   Data   RO            6    .ARM.__AT_0x1000120C  main.o


==============================================================================

Image component sizes


      Code (inc. data)   RO Data    RW Data    ZI Data      Debug   Object Name

       124          4          0          0         32       4122   app_error.o
        56         26          0          0          0        814   app_error_weak.o
      1290        134          0         32          0      42136   app_timer.o
        36          8       1024          0       8192        940   arm_startup_nrf52.o
         0          0          0          0          0      34456   ble_advdata.o
         0          0          0          0          0       1744   ble_conn_params.o
        60          6          0          0          0       1516   crc32.o
       568         42          0          2        104       9636   fstorage.o
       108         46          4          0          0      46172   main.o
        50          0          0          0          0       4734   netutil.o
       100         70          0          0          0        726   nrf_bootloader.o
       384        252          0          0          0       1515   nrf_bootloader_app_start.o
         0          0          0          4          0        382   nrf_bootloader_info.o
       680        284         16         20          0      10744   nrf_dfu_flash.o
       110         14         64          0          0       5428   nrf_dfu_mbr.o
       464        248         66          4       1514      11658   nrf_dfu_tftp.o
       840        404        143         12       8888       8010   nrf_dfu_tftp_settings.o
      2008       1048        431          0          0       8466   nrf_dfu_tftp_utils.o
       168         10          0          0         20       9338   nrf_drv_clock.o
        56          0          0          0          0      27567   nrf_drv_common.o
       514         30          4          0         88      20952   nrf_drv_gpiote.o
       750         22          0          0         32      50623   nrf_drv_spi.o
      1784         60          0          0         32      40776   nrf_drv_uart.o
       848         56         32         12        256      17123   nrf_log_backend_serial.o
       202          8          0          0         28      10987   nrf_log_frontend.o
       108         18          0          0          0       2113   nrf_nvmc.o
      1444         56          0         14         16       9102   socket.o
       180         20         84         20          0       4254   softdevice_handler.o
       668         58          0          4          0      29378   system_nrf52.o
      2468       1082         12         48       4116      17127   tftp.o
       836        368         40         23          0       9453   user_ethernet.o
       822         18          0          0          0      11368   w5500.o
      1378         68          0         48          0      26999   wizchip_conf.o

    ----------------------------------------------------------------------
     19128       4460       1956        248      23320     480359   Object Totals
         0          0         32          0          0          0   (incl. Generated)
        24          0          4          5          2          0   (incl. Padding)

    ----------------------------------------------------------------------

      Code (inc. data)   RO Data    RW Data    ZI Data      Debug   Library Member Name

         8          4        133          0          0         68   ctype_o.o
         0          0          0          0          0          0   entry.o
         0          0          0          0          0          0   entry10a.o
         0          0          0          0          0          0   entry11a.o
         8          4          0          0          0          0   entry2.o
         4          0          0          0          0          0   entry5.o
         0          0          0          0          0          0   entry7b.o
         0          0          0          0          0          0   entry8b.o
         8          4          0          0          0          0   entry9a.o
        30          0          0          0          0          0   handlers.o
        36          8          0          0          0         68   init.o
        30          0          0          0          0         68   llshl.o
        32          0          0          0          0         68   llushr.o
        36          0          0          0          0         68   memcpya.o
        36          0          0          0          0        108   memseta.o
      1192         48          0          0          0        420   printf8.o
        18          0          0          0          0         68   strcpy.o
        14          0          0          0          0         68   strlen.o
        98          0          0          0          0         92   uldiv.o

    ----------------------------------------------------------------------
      1556         68        136          0          0       1096   Library Totals
         6          0          3          0          0          0   (incl. Padding)

    ----------------------------------------------------------------------

      Code (inc. data)   RO Data    RW Data    ZI Data      Debug   Library Name

      1550         68        133          0          0       1096   mc_w.l

    ----------------------------------------------------------------------
      1556         68        136          0          0       1096   Library Totals

    ----------------------------------------------------------------------

==============================================================================


      Code (inc. data)   RO Data    RW Data    ZI Data      Debug   

     20684       4528       2092        248      23320     461991   Grand Totals
     20684       4528       2092        248      23320     461991   ELF Image Totals
     20684       4528       2092        248          0          0   ROM Totals

==============================================================================

    Total RO  Size (Code + RO Data)                22776 (  22.24kB)
    Total RW  Size (RW Data + ZI Data)             23568 (  23.02kB)
    Total ROM Size (Code + RO Data + RW Data)      23024 (  22.48kB)

==============================================================================

